18:44:56 **** Build of project DLU_4_bsp ****
make -k all 
"Running Make include in ps7_cortexa9_0/libsrc/axidma_v9_9/src"
make -C ps7_cortexa9_0/libsrc/axidma_v9_9/src -s include  "SHELL=CMD" "COMPILER=arm-none-eabi-gcc" "ARCHIVER=arm-none-eabi-ar" "COMPILER_FLAGS=  -O2 -c" "EXTRA_COMPILER_FLAGS=-mcpu=cortex-a9 -mfpu=vfpv3 -mfloat-abi=hard -nostartfiles -g -Wall -Wextra"
"Running Make include in ps7_cortexa9_0/libsrc/bram_v4_3/src"
make -C ps7_cortexa9_0/libsrc/bram_v4_3/src -s include  "SHELL=CMD" "COMPILER=arm-none-eabi-gcc" "ARCHIVER=arm-none-eabi-ar" "COMPILER_FLAGS=  -O2 -c" "EXTRA_COMPILER_FLAGS=-mcpu=cortex-a9 -mfpu=vfpv3 -mfloat-abi=hard -nostartfiles -g -Wall -Wextra"
"Running Make include in ps7_cortexa9_0/libsrc/canps_v3_2/src"
make -C ps7_cortexa9_0/libsrc/canps_v3_2/src -s include  "SHELL=CMD" "COMPILER=arm-none-eabi-gcc" "ARCHIVER=arm-none-eabi-ar" "COMPILER_FLAGS=  -O2 -c" "EXTRA_COMPILER_FLAGS=-mcpu=cortex-a9 -mfpu=vfpv3 -mfloat-abi=hard -nostartfiles -g -Wall -Wextra"
"Running Make include in ps7_cortexa9_0/libsrc/coresightps_dcc_v1_5/src"
make -C ps7_cortexa9_0/libsrc/coresightps_dcc_v1_5/src -s include  "SHELL=CMD" "COMPILER=arm-none-eabi-gcc" "ARCHIVER=arm-none-eabi-ar" "COMPILER_FLAGS=  -O2 -c" "EXTRA_COMPILER_FLAGS=-mcpu=cortex-a9 -mfpu=vfpv3 -mfloat-abi=hard -nostartfiles -g -Wall -Wextra"
"Running Make include in ps7_cortexa9_0/libsrc/cpu_cortexa9_v2_7/src"
make -C ps7_cortexa9_0/libsrc/cpu_cortexa9_v2_7/src -s include  "SHELL=CMD" "COMPILER=arm-none-eabi-gcc" "ARCHIVER=arm-none-eabi-ar" "COMPILER_FLAGS=  -O2 -c" "EXTRA_COMPILER_FLAGS=-mcpu=cortex-a9 -mfpu=vfpv3 -mfloat-abi=hard -nostartfiles -g -Wall -Wextra"
"Running Make include in ps7_cortexa9_0/libsrc/ddrps_v1_0/src"
make -C ps7_cortexa9_0/libsrc/ddrps_v1_0/src -s include  "SHELL=CMD" "COMPILER=arm-none-eabi-gcc" "ARCHIVER=arm-none-eabi-ar" "COMPILER_FLAGS=  -O2 -c" "EXTRA_COMPILER_FLAGS=-mcpu=cortex-a9 -mfpu=vfpv3 -mfloat-abi=hard -nostartfiles -g -Wall -Wextra"
"Running Make include in ps7_cortexa9_0/libsrc/devcfg_v3_5/src"
make -C ps7_cortexa9_0/libsrc/devcfg_v3_5/src -s include  "SHELL=CMD" "COMPILER=arm-none-eabi-gcc" "ARCHIVER=arm-none-eabi-ar" "COMPILER_FLAGS=  -O2 -c" "EXTRA_COMPILER_FLAGS=-mcpu=cortex-a9 -mfpu=vfpv3 -mfloat-abi=hard -nostartfiles -g -Wall -Wextra"
"Running Make include in ps7_cortexa9_0/libsrc/DLU_v1_0/src"
make -C ps7_cortexa9_0/libsrc/DLU_v1_0/src -s include  "SHELL=CMD" "COMPILER=arm-none-eabi-gcc" "ARCHIVER=arm-none-eabi-ar" "COMPILER_FLAGS=  -O2 -c" "EXTRA_COMPILER_FLAGS=-mcpu=cortex-a9 -mfpu=vfpv3 -mfloat-abi=hard -nostartfiles -g -Wall -Wextra"
"Running Make include in ps7_cortexa9_0/libsrc/dmaps_v2_4/src"
make -C ps7_cortexa9_0/libsrc/dmaps_v2_4/src -s include  "SHELL=CMD" "COMPILER=arm-none-eabi-gcc" "ARCHIVER=arm-none-eabi-ar" "COMPILER_FLAGS=  -O2 -c" "EXTRA_COMPILER_FLAGS=-mcpu=cortex-a9 -mfpu=vfpv3 -mfloat-abi=hard -nostartfiles -g -Wall -Wextra"
"Running Make include in ps7_cortexa9_0/libsrc/emacps_v3_9/src"
make -C ps7_cortexa9_0/libsrc/emacps_v3_9/src -s include  "SHELL=CMD" "COMPILER=arm-none-eabi-gcc" "ARCHIVER=arm-none-eabi-ar" "COMPILER_FLAGS=  -O2 -c" "EXTRA_COMPILER_FLAGS=-mcpu=cortex-a9 -mfpu=vfpv3 -mfloat-abi=hard -nostartfiles -g -Wall -Wextra"
"Running Make include in ps7_cortexa9_0/libsrc/gpiops_v3_5/src"
make -C ps7_cortexa9_0/libsrc/gpiops_v3_5/src -s include  "SHELL=CMD" "COMPILER=arm-none-eabi-gcc" "ARCHIVER=arm-none-eabi-ar" "COMPILER_FLAGS=  -O2 -c" "EXTRA_COMPILER_FLAGS=-mcpu=cortex-a9 -mfpu=vfpv3 -mfloat-abi=hard -nostartfiles -g -Wall -Wextra"
"Running Make include in ps7_cortexa9_0/libsrc/iicps_v3_9/src"
make -C ps7_cortexa9_0/libsrc/iicps_v3_9/src -s include  "SHELL=CMD" "COMPILER=arm-none-eabi-gcc" "ARCHIVER=arm-none-eabi-ar" "COMPILER_FLAGS=  -O2 -c" "EXTRA_COMPILER_FLAGS=-mcpu=cortex-a9 -mfpu=vfpv3 -mfloat-abi=hard -nostartfiles -g -Wall -Wextra"
"Running Make include in ps7_cortexa9_0/libsrc/qspips_v3_6/src"
make -C ps7_cortexa9_0/libsrc/qspips_v3_6/src -s include  "SHELL=CMD" "COMPILER=arm-none-eabi-gcc" "ARCHIVER=arm-none-eabi-ar" "COMPILER_FLAGS=  -O2 -c" "EXTRA_COMPILER_FLAGS=-mcpu=cortex-a9 -mfpu=vfpv3 -mfloat-abi=hard -nostartfiles -g -Wall -Wextra"
"Running Make include in ps7_cortexa9_0/libsrc/scugic_v4_0/src"
make -C ps7_cortexa9_0/libsrc/scugic_v4_0/src -s include  "SHELL=CMD" "COMPILER=arm-none-eabi-gcc" "ARCHIVER=arm-none-eabi-ar" "COMPILER_FLAGS=  -O2 -c" "EXTRA_COMPILER_FLAGS=-mcpu=cortex-a9 -mfpu=vfpv3 -mfloat-abi=hard -nostartfiles -g -Wall -Wextra"
"Running Make include in ps7_cortexa9_0/libsrc/scutimer_v2_1/src"
make -C ps7_cortexa9_0/libsrc/scutimer_v2_1/src -s include  "SHELL=CMD" "COMPILER=arm-none-eabi-gcc" "ARCHIVER=arm-none-eabi-ar" "COMPILER_FLAGS=  -O2 -c" "EXTRA_COMPILER_FLAGS=-mcpu=cortex-a9 -mfpu=vfpv3 -mfloat-abi=hard -nostartfiles -g -Wall -Wextra"
"Running Make include in ps7_cortexa9_0/libsrc/scuwdt_v2_1/src"
make -C ps7_cortexa9_0/libsrc/scuwdt_v2_1/src -s include  "SHELL=CMD" "COMPILER=arm-none-eabi-gcc" "ARCHIVER=arm-none-eabi-ar" "COMPILER_FLAGS=  -O2 -c" "EXTRA_COMPILER_FLAGS=-mcpu=cortex-a9 -mfpu=vfpv3 -mfloat-abi=hard -nostartfiles -g -Wall -Wextra"
"Running Make include in ps7_cortexa9_0/libsrc/sdps_v3_7/src"
make -C ps7_cortexa9_0/libsrc/sdps_v3_7/src -s include  "SHELL=CMD" "COMPILER=arm-none-eabi-gcc" "ARCHIVER=arm-none-eabi-ar" "COMPILER_FLAGS=  -O2 -c" "EXTRA_COMPILER_FLAGS=-mcpu=cortex-a9 -mfpu=vfpv3 -mfloat-abi=hard -nostartfiles -g -Wall -Wextra"
"Running Make include in ps7_cortexa9_0/libsrc/standalone_v7_0/src"
make -C ps7_cortexa9_0/libsrc/standalone_v7_0/src -s include  "SHELL=CMD" "COMPILER=arm-none-eabi-gcc" "ARCHIVER=arm-none-eabi-ar" "COMPILER_FLAGS=  -O2 -c" "EXTRA_COMPILER_FLAGS=-mcpu=cortex-a9 -mfpu=vfpv3 -mfloat-abi=hard -nostartfiles -g -Wall -Wextra"
"Running Make include in ps7_cortexa9_0/libsrc/ttcps_v3_9/src"
make -C ps7_cortexa9_0/libsrc/ttcps_v3_9/src -s include  "SHELL=CMD" "COMPILER=arm-none-eabi-gcc" "ARCHIVER=arm-none-eabi-ar" "COMPILER_FLAGS=  -O2 -c" "EXTRA_COMPILER_FLAGS=-mcpu=cortex-a9 -mfpu=vfpv3 -mfloat-abi=hard -nostartfiles -g -Wall -Wextra"
"Running Make include in ps7_cortexa9_0/libsrc/uartps_v3_7/src"
make -C ps7_cortexa9_0/libsrc/uartps_v3_7/src -s include  "SHELL=CMD" "COMPILER=arm-none-eabi-gcc" "ARCHIVER=arm-none-eabi-ar" "COMPILER_FLAGS=  -O2 -c" "EXTRA_COMPILER_FLAGS=-mcpu=cortex-a9 -mfpu=vfpv3 -mfloat-abi=hard -nostartfiles -g -Wall -Wextra"
"Running Make include in ps7_cortexa9_0/libsrc/usbps_v2_4/src"
make -C ps7_cortexa9_0/libsrc/usbps_v2_4/src -s include  "SHELL=CMD" "COMPILER=arm-none-eabi-gcc" "ARCHIVER=arm-none-eabi-ar" "COMPILER_FLAGS=  -O2 -c" "EXTRA_COMPILER_FLAGS=-mcpu=cortex-a9 -mfpu=vfpv3 -mfloat-abi=hard -nostartfiles -g -Wall -Wextra"
"Running Make include in ps7_cortexa9_0/libsrc/xadcps_v2_3/src"
make -C ps7_cortexa9_0/libsrc/xadcps_v2_3/src -s include  "SHELL=CMD" "COMPILER=arm-none-eabi-gcc" "ARCHIVER=arm-none-eabi-ar" "COMPILER_FLAGS=  -O2 -c" "EXTRA_COMPILER_FLAGS=-mcpu=cortex-a9 -mfpu=vfpv3 -mfloat-abi=hard -nostartfiles -g -Wall -Wextra"
"Running Make libs in ps7_cortexa9_0/libsrc/axidma_v9_9/src"
make -C ps7_cortexa9_0/libsrc/axidma_v9_9/src -s libs  "SHELL=CMD" "COMPILER=arm-none-eabi-gcc" "ARCHIVER=arm-none-eabi-ar" "COMPILER_FLAGS=  -O2 -c" "EXTRA_COMPILER_FLAGS=-mcpu=cortex-a9 -mfpu=vfpv3 -mfloat-abi=hard -nostartfiles -g -Wall -Wextra"
"Compiling axidma"
arm-none-eabi-ar: creating ../../../lib/libxil.a
"Running Make libs in ps7_cortexa9_0/libsrc/bram_v4_3/src"
make -C ps7_cortexa9_0/libsrc/bram_v4_3/src -s libs  "SHELL=CMD" "COMPILER=arm-none-eabi-gcc" "ARCHIVER=arm-none-eabi-ar" "COMPILER_FLAGS=  -O2 -c" "EXTRA_COMPILER_FLAGS=-mcpu=cortex-a9 -mfpu=vfpv3 -mfloat-abi=hard -nostartfiles -g -Wall -Wextra"
"Compiling bram"
"Running Make libs in ps7_cortexa9_0/libsrc/canps_v3_2/src"
make -C ps7_cortexa9_0/libsrc/canps_v3_2/src -s libs  "SHELL=CMD" "COMPILER=arm-none-eabi-gcc" "ARCHIVER=arm-none-eabi-ar" "COMPILER_FLAGS=  -O2 -c" "EXTRA_COMPILER_FLAGS=-mcpu=cortex-a9 -mfpu=vfpv3 -mfloat-abi=hard -nostartfiles -g -Wall -Wextra"
"Compiling canps"
"Running Make libs in ps7_cortexa9_0/libsrc/coresightps_dcc_v1_5/src"
make -C ps7_cortexa9_0/libsrc/coresightps_dcc_v1_5/src -s libs  "SHELL=CMD" "COMPILER=arm-none-eabi-gcc" "ARCHIVER=arm-none-eabi-ar" "COMPILER_FLAGS=  -O2 -c" "EXTRA_COMPILER_FLAGS=-mcpu=cortex-a9 -mfpu=vfpv3 -mfloat-abi=hard -nostartfiles -g -Wall -Wextra"
"Compiling coresightps_dcc"
"Running Make libs in ps7_cortexa9_0/libsrc/cpu_cortexa9_v2_7/src"
make -C ps7_cortexa9_0/libsrc/cpu_cortexa9_v2_7/src -s libs  "SHELL=CMD" "COMPILER=arm-none-eabi-gcc" "ARCHIVER=arm-none-eabi-ar" "COMPILER_FLAGS=  -O2 -c" "EXTRA_COMPILER_FLAGS=-mcpu=cortex-a9 -mfpu=vfpv3 -mfloat-abi=hard -nostartfiles -g -Wall -Wextra"
"Compiling cpu_cortexa9"
"Running Make libs in ps7_cortexa9_0/libsrc/ddrps_v1_0/src"
make -C ps7_cortexa9_0/libsrc/ddrps_v1_0/src -s libs  "SHELL=CMD" "COMPILER=arm-none-eabi-gcc" "ARCHIVER=arm-none-eabi-ar" "COMPILER_FLAGS=  -O2 -c" "EXTRA_COMPILER_FLAGS=-mcpu=cortex-a9 -mfpu=vfpv3 -mfloat-abi=hard -nostartfiles -g -Wall -Wextra"
"Compiling ddrps"
"Running Make libs in ps7_cortexa9_0/libsrc/devcfg_v3_5/src"
make -C ps7_cortexa9_0/libsrc/devcfg_v3_5/src -s libs  "SHELL=CMD" "COMPILER=arm-none-eabi-gcc" "ARCHIVER=arm-none-eabi-ar" "COMPILER_FLAGS=  -O2 -c" "EXTRA_COMPILER_FLAGS=-mcpu=cortex-a9 -mfpu=vfpv3 -mfloat-abi=hard -nostartfiles -g -Wall -Wextra"
"Compiling devcfg"
"Running Make libs in ps7_cortexa9_0/libsrc/DLU_v1_0/src"
make -C ps7_cortexa9_0/libsrc/DLU_v1_0/src -s libs  "SHELL=CMD" "COMPILER=arm-none-eabi-gcc" "ARCHIVER=arm-none-eabi-ar" "COMPILER_FLAGS=  -O2 -c" "EXTRA_COMPILER_FLAGS=-mcpu=cortex-a9 -mfpu=vfpv3 -mfloat-abi=hard -nostartfiles -g -Wall -Wextra"
"Compiling DLU"
"Running Make libs in ps7_cortexa9_0/libsrc/dmaps_v2_4/src"
make -C ps7_cortexa9_0/libsrc/dmaps_v2_4/src -s libs  "SHELL=CMD" "COMPILER=arm-none-eabi-gcc" "ARCHIVER=arm-none-eabi-ar" "COMPILER_FLAGS=  -O2 -c" "EXTRA_COMPILER_FLAGS=-mcpu=cortex-a9 -mfpu=vfpv3 -mfloat-abi=hard -nostartfiles -g -Wall -Wextra"
"Compiling dmaps"
"Running Make libs in ps7_cortexa9_0/libsrc/emacps_v3_9/src"
make -C ps7_cortexa9_0/libsrc/emacps_v3_9/src -s libs  "SHELL=CMD" "COMPILER=arm-none-eabi-gcc" "ARCHIVER=arm-none-eabi-ar" "COMPILER_FLAGS=  -O2 -c" "EXTRA_COMPILER_FLAGS=-mcpu=cortex-a9 -mfpu=vfpv3 -mfloat-abi=hard -nostartfiles -g -Wall -Wextra"
"Compiling emacps"
"Running Make libs in ps7_cortexa9_0/libsrc/gpiops_v3_5/src"
make -C ps7_cortexa9_0/libsrc/gpiops_v3_5/src -s libs  "SHELL=CMD" "COMPILER=arm-none-eabi-gcc" "ARCHIVER=arm-none-eabi-ar" "COMPILER_FLAGS=  -O2 -c" "EXTRA_COMPILER_FLAGS=-mcpu=cortex-a9 -mfpu=vfpv3 -mfloat-abi=hard -nostartfiles -g -Wall -Wextra"
"Compiling gpiops"
"Running Make libs in ps7_cortexa9_0/libsrc/iicps_v3_9/src"
make -C ps7_cortexa9_0/libsrc/iicps_v3_9/src -s libs  "SHELL=CMD" "COMPILER=arm-none-eabi-gcc" "ARCHIVER=arm-none-eabi-ar" "COMPILER_FLAGS=  -O2 -c" "EXTRA_COMPILER_FLAGS=-mcpu=cortex-a9 -mfpu=vfpv3 -mfloat-abi=hard -nostartfiles -g -Wall -Wextra"
"Compiling iicps"
"Running Make libs in ps7_cortexa9_0/libsrc/qspips_v3_6/src"
make -C ps7_cortexa9_0/libsrc/qspips_v3_6/src -s libs  "SHELL=CMD" "COMPILER=arm-none-eabi-gcc" "ARCHIVER=arm-none-eabi-ar" "COMPILER_FLAGS=  -O2 -c" "EXTRA_COMPILER_FLAGS=-mcpu=cortex-a9 -mfpu=vfpv3 -mfloat-abi=hard -nostartfiles -g -Wall -Wextra"
"Compiling qspips"
"Running Make libs in ps7_cortexa9_0/libsrc/scugic_v4_0/src"
make -C ps7_cortexa9_0/libsrc/scugic_v4_0/src -s libs  "SHELL=CMD" "COMPILER=arm-none-eabi-gcc" "ARCHIVER=arm-none-eabi-ar" "COMPILER_FLAGS=  -O2 -c" "EXTRA_COMPILER_FLAGS=-mcpu=cortex-a9 -mfpu=vfpv3 -mfloat-abi=hard -nostartfiles -g -Wall -Wextra"
"Compiling scugic"
"Running Make libs in ps7_cortexa9_0/libsrc/scutimer_v2_1/src"
make -C ps7_cortexa9_0/libsrc/scutimer_v2_1/src -s libs  "SHELL=CMD" "COMPILER=arm-none-eabi-gcc" "ARCHIVER=arm-none-eabi-ar" "COMPILER_FLAGS=  -O2 -c" "EXTRA_COMPILER_FLAGS=-mcpu=cortex-a9 -mfpu=vfpv3 -mfloat-abi=hard -nostartfiles -g -Wall -Wextra"
"Compiling scutimer"
"Running Make libs in ps7_cortexa9_0/libsrc/scuwdt_v2_1/src"
make -C ps7_cortexa9_0/libsrc/scuwdt_v2_1/src -s libs  "SHELL=CMD" "COMPILER=arm-none-eabi-gcc" "ARCHIVER=arm-none-eabi-ar" "COMPILER_FLAGS=  -O2 -c" "EXTRA_COMPILER_FLAGS=-mcpu=cortex-a9 -mfpu=vfpv3 -mfloat-abi=hard -nostartfiles -g -Wall -Wextra"
"Compiling scuwdt"
"Running Make libs in ps7_cortexa9_0/libsrc/sdps_v3_7/src"
make -C ps7_cortexa9_0/libsrc/sdps_v3_7/src -s libs  "SHELL=CMD" "COMPILER=arm-none-eabi-gcc" "ARCHIVER=arm-none-eabi-ar" "COMPILER_FLAGS=  -O2 -c" "EXTRA_COMPILER_FLAGS=-mcpu=cortex-a9 -mfpu=vfpv3 -mfloat-abi=hard -nostartfiles -g -Wall -Wextra"
"Compiling sdps"
"Running Make libs in ps7_cortexa9_0/libsrc/standalone_v7_0/src"
make -C ps7_cortexa9_0/libsrc/standalone_v7_0/src -s libs  "SHELL=CMD" "COMPILER=arm-none-eabi-gcc" "ARCHIVER=arm-none-eabi-ar" "COMPILER_FLAGS=  -O2 -c" "EXTRA_COMPILER_FLAGS=-mcpu=cortex-a9 -mfpu=vfpv3 -mfloat-abi=hard -nostartfiles -g -Wall -Wextra"
"Compiling standalone"
In file included from usleep.c:56:
xtime_l.h:87:9: note: #pragma message: For the sleep routines, Global timer is being used
 #pragma message ("For the sleep routines, Global timer is being used")
         ^~~~~~~
In file included from xil_sleeptimer.c:51:
xtime_l.h:87:9: note: #pragma message: For the sleep routines, Global timer is being used
 #pragma message ("For the sleep routines, Global timer is being used")
         ^~~~~~~
In file included from xtime_l.c:49:
xtime_l.h:87:9: note: #pragma message: For the sleep routines, Global timer is being used
 #pragma message ("For the sleep routines, Global timer is being used")
         ^~~~~~~
In file included from sleep.c:53:
xtime_l.h:87:9: note: #pragma message: For the sleep routines, Global timer is being used
 #pragma message ("For the sleep routines, Global timer is being used")
         ^~~~~~~
"Running Make libs in ps7_cortexa9_0/libsrc/ttcps_v3_9/src"
make -C ps7_cortexa9_0/libsrc/ttcps_v3_9/src -s libs  "SHELL=CMD" "COMPILER=arm-none-eabi-gcc" "ARCHIVER=arm-none-eabi-ar" "COMPILER_FLAGS=  -O2 -c" "EXTRA_COMPILER_FLAGS=-mcpu=cortex-a9 -mfpu=vfpv3 -mfloat-abi=hard -nostartfiles -g -Wall -Wextra"
"Compiling ttcps"
"Running Make libs in ps7_cortexa9_0/libsrc/uartps_v3_7/src"
make -C ps7_cortexa9_0/libsrc/uartps_v3_7/src -s libs  "SHELL=CMD" "COMPILER=arm-none-eabi-gcc" "ARCHIVER=arm-none-eabi-ar" "COMPILER_FLAGS=  -O2 -c" "EXTRA_COMPILER_FLAGS=-mcpu=cortex-a9 -mfpu=vfpv3 -mfloat-abi=hard -nostartfiles -g -Wall -Wextra"
"Compiling uartps"
"Running Make libs in ps7_cortexa9_0/libsrc/usbps_v2_4/src"
make -C ps7_cortexa9_0/libsrc/usbps_v2_4/src -s libs  "SHELL=CMD" "COMPILER=arm-none-eabi-gcc" "ARCHIVER=arm-none-eabi-ar" "COMPILER_FLAGS=  -O2 -c" "EXTRA_COMPILER_FLAGS=-mcpu=cortex-a9 -mfpu=vfpv3 -mfloat-abi=hard -nostartfiles -g -Wall -Wextra"
"Compiling usbps"
"Running Make libs in ps7_cortexa9_0/libsrc/xadcps_v2_3/src"
make -C ps7_cortexa9_0/libsrc/xadcps_v2_3/src -s libs  "SHELL=CMD" "COMPILER=arm-none-eabi-gcc" "ARCHIVER=arm-none-eabi-ar" "COMPILER_FLAGS=  -O2 -c" "EXTRA_COMPILER_FLAGS=-mcpu=cortex-a9 -mfpu=vfpv3 -mfloat-abi=hard -nostartfiles -g -Wall -Wextra"
"Compiling xadcps"
'Finished building libraries'
19:27:04 **** Build of configuration Debug for project DLU_4 ****
make pre-build main-build 
a9-linaro-pre-build-step
' '
'Building file: ../src/platform.c'
'Invoking: ARM v7 gcc compiler'
arm-none-eabi-gcc -Wall -O0 -g3 -c -fmessage-length=0 -MT"src/platform.o" -mcpu=cortex-a9 -mfpu=vfpv3 -mfloat-abi=hard -I../../DLU_4_bsp/ps7_cortexa9_0/include -MMD -MP -MF"src/platform.d" -MT"src/platform.o" -o "src/platform.o" "../src/platform.c"
'Finished building: ../src/platform.c'
' '
'Building target: DLU_4.elf'
'Invoking: ARM v7 gcc linker'
arm-none-eabi-gcc -mcpu=cortex-a9 -mfpu=vfpv3 -mfloat-abi=hard -Wl,-build-id=none -specs=Xilinx.spec -Wl,-T -Wl,../src/lscript.ld -L../../DLU_4_bsp/ps7_cortexa9_0/lib -o "DLU_4.elf"  ./src/platform.o   -Wl,--start-group,-lxil,-lgcc,-lc,--end-group
d:/xilinx2019/sdk/2019.1/gnu/aarch32/nt/gcc-arm-none-eabi/bin/../lib/gcc/arm-none-eabi/8.2.0/../../../../arm-none-eabi/bin/ld.exe: ../../DLU_4_bsp/ps7_cortexa9_0/lib\libxil.a(xil-crt0.o): in function `_start':
C:\Users\Mohsen\Desktop\zturn_sg_DMA\Mahsa\Zturn_SG_DMA\Zturn_SG_DMA.sdk\DLU_4_bsp\ps7_cortexa9_0\libsrc\standalone_v7_0\src/xil-crt0.S:138: undefined reference to `main'
collect2.exe: error: ld returned 1 exit status
make: *** [makefile:41: DLU_4.elf] Error 1
19:28:02 **** Auto Build of configuration Debug for project DLU_4 ****
make pre-build main-build 
a9-linaro-pre-build-step
' '
'Building file: ../src/DLU.c'
'Invoking: ARM v7 gcc compiler'
arm-none-eabi-gcc -Wall -O0 -g3 -c -fmessage-length=0 -MT"src/DLU.o" -mcpu=cortex-a9 -mfpu=vfpv3 -mfloat-abi=hard -I../../DLU_4_bsp/ps7_cortexa9_0/include -MMD -MP -MF"src/DLU.d" -MT"src/DLU.o" -o "src/DLU.o" "../src/DLU.c"
../src/DLU.c: In function 'initDMA':
../src/DLU.c:145:12: warning: passing argument 1 of 'Xil_Out32' makes integer from pointer without a cast [-Wint-conversion]
  Xil_Out32((volatile u32 *) 0x40400000, (u32) 0x0101dfe6);
            ^~~~~~~~~~~~~~~~~~~~~~~~~~~
In file included from ../src/DLU.c:55:
../../DLU_4_bsp/ps7_cortexa9_0/include/xil_io.h:219:38: note: expected 'UINTPTR' {aka 'unsigned int'} but argument is of type 'volatile u32 *' {aka 'volatile long unsigned int *'}
 static INLINE void Xil_Out32(UINTPTR Addr, u32 Value)
                              ~~~~~~~~^~~~
../src/DLU.c:146:12: warning: passing argument 1 of 'Xil_Out32' makes integer from pointer without a cast [-Wint-conversion]
  Xil_Out32((volatile u32 *) 0x40400000, (u32) 0x0101dfe2);
            ^~~~~~~~~~~~~~~~~~~~~~~~~~~
In file included from ../src/DLU.c:55:
../../DLU_4_bsp/ps7_cortexa9_0/include/xil_io.h:219:38: note: expected 'UINTPTR' {aka 'unsigned int'} but argument is of type 'volatile u32 *' {aka 'volatile long unsigned int *'}
 static INLINE void Xil_Out32(UINTPTR Addr, u32 Value)
                              ~~~~~~~~^~~~
../src/DLU.c:148:12: warning: passing argument 1 of 'Xil_Out32' makes integer from pointer without a cast [-Wint-conversion]
  Xil_Out32((volatile u32 *) 0x40400030, (u32) 0x0101dfe6);
            ^~~~~~~~~~~~~~~~~~~~~~~~~~~
In file included from ../src/DLU.c:55:
../../DLU_4_bsp/ps7_cortexa9_0/include/xil_io.h:219:38: note: expected 'UINTPTR' {aka 'unsigned int'} but argument is of type 'volatile u32 *' {aka 'volatile long unsigned int *'}
 static INLINE void Xil_Out32(UINTPTR Addr, u32 Value)
                              ~~~~~~~~^~~~
../src/DLU.c:149:12: warning: passing argument 1 of 'Xil_Out32' makes integer from pointer without a cast [-Wint-conversion]
  Xil_Out32((volatile u32 *) 0x40400030, (u32) 0x0101dfe2);
            ^~~~~~~~~~~~~~~~~~~~~~~~~~~
In file included from ../src/DLU.c:55:
../../DLU_4_bsp/ps7_cortexa9_0/include/xil_io.h:219:38: note: expected 'UINTPTR' {aka 'unsigned int'} but argument is of type 'volatile u32 *' {aka 'volatile long unsigned int *'}
 static INLINE void Xil_Out32(UINTPTR Addr, u32 Value)
                              ~~~~~~~~^~~~
../src/DLU.c: In function 'writeDescriptors':
../src/DLU.c:200:12: warning: passing argument 1 of 'Xil_Out32' makes integer from pointer without a cast [-Wint-conversion]
  Xil_Out32((volatile u32 *) 0x40000000, (u32) 0x40000000);//next Descriptor (LSB)
            ^~~~~~~~~~~~~~~~~~~~~~~~~~~
In file included from ../src/DLU.c:55:
../../DLU_4_bsp/ps7_cortexa9_0/include/xil_io.h:219:38: note: expected 'UINTPTR' {aka 'unsigned int'} but argument is of type 'volatile u32 *' {aka 'volatile long unsigned int *'}
 static INLINE void Xil_Out32(UINTPTR Addr, u32 Value)
                              ~~~~~~~~^~~~
../src/DLU.c:201:12: warning: passing argument 1 of 'Xil_Out32' makes integer from pointer without a cast [-Wint-conversion]
  Xil_Out32((volatile u32 *) 0x40000004, (u32) 0x00000000);// MSB
            ^~~~~~~~~~~~~~~~~~~~~~~~~~~
In file included from ../src/DLU.c:55:
../../DLU_4_bsp/ps7_cortexa9_0/include/xil_io.h:219:38: note: expected 'UINTPTR' {aka 'unsigned int'} but argument is of type 'volatile u32 *' {aka 'volatile long unsigned int *'}
 static INLINE void Xil_Out32(UINTPTR Addr, u32 Value)
                              ~~~~~~~~^~~~
../src/DLU.c:202:12: warning: passing argument 1 of 'Xil_Out32' makes integer from pointer without a cast [-Wint-conversion]
  Xil_Out32((volatile u32 *) 0x40000008, (u32) 0x00aa0000);//Buffer Address (LSB)
            ^~~~~~~~~~~~~~~~~~~~~~~~~~~
In file included from ../src/DLU.c:55:
../../DLU_4_bsp/ps7_cortexa9_0/include/xil_io.h:219:38: note: expected 'UINTPTR' {aka 'unsigned int'} but argument is of type 'volatile u32 *' {aka 'volatile long unsigned int *'}
 static INLINE void Xil_Out32(UINTPTR Addr, u32 Value)
                              ~~~~~~~~^~~~
../src/DLU.c:203:12: warning: passing argument 1 of 'Xil_Out32' makes integer from pointer without a cast [-Wint-conversion]
  Xil_Out32((volatile u32 *) 0x4000000c, (u32) 0x00000000);//MSB
            ^~~~~~~~~~~~~~~~~~~~~~~~~~~
In file included from ../src/DLU.c:55:
../../DLU_4_bsp/ps7_cortexa9_0/include/xil_io.h:219:38: note: expected 'UINTPTR' {aka 'unsigned int'} but argument is of type 'volatile u32 *' {aka 'volatile long unsigned int *'}
 static INLINE void Xil_Out32(UINTPTR Addr, u32 Value)
                              ~~~~~~~~^~~~
../src/DLU.c:204:12: warning: passing argument 1 of 'Xil_Out32' makes integer from pointer without a cast [-Wint-conversion]
  Xil_Out32((volatile u32 *) 0x40000010, (u32) 0x00000000);//Reserved
            ^~~~~~~~~~~~~~~~~~~~~~~~~~~
In file included from ../src/DLU.c:55:
../../DLU_4_bsp/ps7_cortexa9_0/include/xil_io.h:219:38: note: expected 'UINTPTR' {aka 'unsigned int'} but argument is of type 'volatile u32 *' {aka 'volatile long unsigned int *'}
 static INLINE void Xil_Out32(UINTPTR Addr, u32 Value)
                              ~~~~~~~~^~~~
../src/DLU.c:205:12: warning: passing argument 1 of 'Xil_Out32' makes integer from pointer without a cast [-Wint-conversion]
  Xil_Out32((volatile u32 *) 0x40000014, (u32) 0x00000000);//Reserved
            ^~~~~~~~~~~~~~~~~~~~~~~~~~~
In file included from ../src/DLU.c:55:
../../DLU_4_bsp/ps7_cortexa9_0/include/xil_io.h:219:38: note: expected 'UINTPTR' {aka 'unsigned int'} but argument is of type 'volatile u32 *' {aka 'volatile long unsigned int *'}
 static INLINE void Xil_Out32(UINTPTR Addr, u32 Value)
                              ~~~~~~~~^~~~
../src/DLU.c:206:12: warning: passing argument 1 of 'Xil_Out32' makes integer from pointer without a cast [-Wint-conversion]
  Xil_Out32((volatile u32 *) 0x40000018, (u32) 0x0c000000+(48*48)+(2*4)); // control{Reserved[31:28],Start[27],End[26],Reserved[25:23],buffer[22:0](2^23=8MB)}
            ^~~~~~~~~~~~~~~~~~~~~~~~~~~
In file included from ../src/DLU.c:55:
../../DLU_4_bsp/ps7_cortexa9_0/include/xil_io.h:219:38: note: expected 'UINTPTR' {aka 'unsigned int'} but argument is of type 'volatile u32 *' {aka 'volatile long unsigned int *'}
 static INLINE void Xil_Out32(UINTPTR Addr, u32 Value)
                              ~~~~~~~~^~~~
../src/DLU.c:207:12: warning: passing argument 1 of 'Xil_Out32' makes integer from pointer without a cast [-Wint-conversion]
  Xil_Out32((volatile u32 *) 0x4000001c, (u32) 0x00000000);//DMA Status, for check after transfer
            ^~~~~~~~~~~~~~~~~~~~~~~~~~~
In file included from ../src/DLU.c:55:
../../DLU_4_bsp/ps7_cortexa9_0/include/xil_io.h:219:38: note: expected 'UINTPTR' {aka 'unsigned int'} but argument is of type 'volatile u32 *' {aka 'volatile long unsigned int *'}
 static INLINE void Xil_Out32(UINTPTR Addr, u32 Value)
                              ~~~~~~~~^~~~
../src/DLU.c:208:12: warning: passing argument 1 of 'Xil_Out32' makes integer from pointer without a cast [-Wint-conversion]
  Xil_Out32((volatile u32 *) 0x40000020, (u32) 0x00000000);//User App Fields
            ^~~~~~~~~~~~~~~~~~~~~~~~~~~
In file included from ../src/DLU.c:55:
../../DLU_4_bsp/ps7_cortexa9_0/include/xil_io.h:219:38: note: expected 'UINTPTR' {aka 'unsigned int'} but argument is of type 'volatile u32 *' {aka 'volatile long unsigned int *'}
 static INLINE void Xil_Out32(UINTPTR Addr, u32 Value)
                              ~~~~~~~~^~~~
../src/DLU.c:209:12: warning: passing argument 1 of 'Xil_Out32' makes integer from pointer without a cast [-Wint-conversion]
  Xil_Out32((volatile u32 *) 0x40000024, (u32) 0x00000000);//User App Fields
            ^~~~~~~~~~~~~~~~~~~~~~~~~~~
In file included from ../src/DLU.c:55:
../../DLU_4_bsp/ps7_cortexa9_0/include/xil_io.h:219:38: note: expected 'UINTPTR' {aka 'unsigned int'} but argument is of type 'volatile u32 *' {aka 'volatile long unsigned int *'}
 static INLINE void Xil_Out32(UINTPTR Addr, u32 Value)
                              ~~~~~~~~^~~~
../src/DLU.c:210:12: warning: passing argument 1 of 'Xil_Out32' makes integer from pointer without a cast [-Wint-conversion]
  Xil_Out32((volatile u32 *) 0x40000028, (u32) 0x00000000);//User App Fields
            ^~~~~~~~~~~~~~~~~~~~~~~~~~~
In file included from ../src/DLU.c:55:
../../DLU_4_bsp/ps7_cortexa9_0/include/xil_io.h:219:38: note: expected 'UINTPTR' {aka 'unsigned int'} but argument is of type 'volatile u32 *' {aka 'volatile long unsigned int *'}
 static INLINE void Xil_Out32(UINTPTR Addr, u32 Value)
                              ~~~~~~~~^~~~
../src/DLU.c:211:12: warning: passing argument 1 of 'Xil_Out32' makes integer from pointer without a cast [-Wint-conversion]
  Xil_Out32((volatile u32 *) 0x4000002c, (u32) 0x00000000);//User App Fields
            ^~~~~~~~~~~~~~~~~~~~~~~~~~~
In file included from ../src/DLU.c:55:
../../DLU_4_bsp/ps7_cortexa9_0/include/xil_io.h:219:38: note: expected 'UINTPTR' {aka 'unsigned int'} but argument is of type 'volatile u32 *' {aka 'volatile long unsigned int *'}
 static INLINE void Xil_Out32(UINTPTR Addr, u32 Value)
                              ~~~~~~~~^~~~
../src/DLU.c:212:12: warning: passing argument 1 of 'Xil_Out32' makes integer from pointer without a cast [-Wint-conversion]
  Xil_Out32((volatile u32 *) 0x40000030, (u32) 0x00000000);//User App Fields
            ^~~~~~~~~~~~~~~~~~~~~~~~~~~
In file included from ../src/DLU.c:55:
../../DLU_4_bsp/ps7_cortexa9_0/include/xil_io.h:219:38: note: expected 'UINTPTR' {aka 'unsigned int'} but argument is of type 'volatile u32 *' {aka 'volatile long unsigned int *'}
 static INLINE void Xil_Out32(UINTPTR Addr, u32 Value)
                              ~~~~~~~~^~~~
../src/DLU.c:214:12: warning: passing argument 1 of 'Xil_Out32' makes integer from pointer without a cast [-Wint-conversion]
  Xil_Out32((volatile u32 *) 0x40000100, (u32) 0x40000100);//next Descriptor (LSB)
            ^~~~~~~~~~~~~~~~~~~~~~~~~~~
In file included from ../src/DLU.c:55:
../../DLU_4_bsp/ps7_cortexa9_0/include/xil_io.h:219:38: note: expected 'UINTPTR' {aka 'unsigned int'} but argument is of type 'volatile u32 *' {aka 'volatile long unsigned int *'}
 static INLINE void Xil_Out32(UINTPTR Addr, u32 Value)
                              ~~~~~~~~^~~~
../src/DLU.c:215:12: warning: passing argument 1 of 'Xil_Out32' makes integer from pointer without a cast [-Wint-conversion]
  Xil_Out32((volatile u32 *) 0x40000104, (u32) 0x00000000);// MSB
            ^~~~~~~~~~~~~~~~~~~~~~~~~~~
In file included from ../src/DLU.c:55:
../../DLU_4_bsp/ps7_cortexa9_0/include/xil_io.h:219:38: note: expected 'UINTPTR' {aka 'unsigned int'} but argument is of type 'volatile u32 *' {aka 'volatile long unsigned int *'}
 static INLINE void Xil_Out32(UINTPTR Addr, u32 Value)
                              ~~~~~~~~^~~~
../src/DLU.c:216:12: warning: passing argument 1 of 'Xil_Out32' makes integer from pointer without a cast [-Wint-conversion]
  Xil_Out32((volatile u32 *) 0x40000108, (u32) 0x00ab0000);//Buffer Address (LSB)
            ^~~~~~~~~~~~~~~~~~~~~~~~~~~
In file included from ../src/DLU.c:55:
../../DLU_4_bsp/ps7_cortexa9_0/include/xil_io.h:219:38: note: expected 'UINTPTR' {aka 'unsigned int'} but argument is of type 'volatile u32 *' {aka 'volatile long unsigned int *'}
 static INLINE void Xil_Out32(UINTPTR Addr, u32 Value)
                              ~~~~~~~~^~~~
../src/DLU.c:217:12: warning: passing argument 1 of 'Xil_Out32' makes integer from pointer without a cast [-Wint-conversion]
  Xil_Out32((volatile u32 *) 0x4000010c, (u32) 0x00000000);//MSB
            ^~~~~~~~~~~~~~~~~~~~~~~~~~~
In file included from ../src/DLU.c:55:
../../DLU_4_bsp/ps7_cortexa9_0/include/xil_io.h:219:38: note: expected 'UINTPTR' {aka 'unsigned int'} but argument is of type 'volatile u32 *' {aka 'volatile long unsigned int *'}
 static INLINE void Xil_Out32(UINTPTR Addr, u32 Value)
                              ~~~~~~~~^~~~
../src/DLU.c:218:12: warning: passing argument 1 of 'Xil_Out32' makes integer from pointer without a cast [-Wint-conversion]
  Xil_Out32((volatile u32 *) 0x40000110, (u32) 0x00000000);//Reserved
            ^~~~~~~~~~~~~~~~~~~~~~~~~~~
In file included from ../src/DLU.c:55:
../../DLU_4_bsp/ps7_cortexa9_0/include/xil_io.h:219:38: note: expected 'UINTPTR' {aka 'unsigned int'} but argument is of type 'volatile u32 *' {aka 'volatile long unsigned int *'}
 static INLINE void Xil_Out32(UINTPTR Addr, u32 Value)
                              ~~~~~~~~^~~~
../src/DLU.c:219:12: warning: passing argument 1 of 'Xil_Out32' makes integer from pointer without a cast [-Wint-conversion]
  Xil_Out32((volatile u32 *) 0x40000114, (u32) 0x00000000);//Reserved
            ^~~~~~~~~~~~~~~~~~~~~~~~~~~
In file included from ../src/DLU.c:55:
../../DLU_4_bsp/ps7_cortexa9_0/include/xil_io.h:219:38: note: expected 'UINTPTR' {aka 'unsigned int'} but argument is of type 'volatile u32 *' {aka 'volatile long unsigned int *'}
 static INLINE void Xil_Out32(UINTPTR Addr, u32 Value)
                              ~~~~~~~~^~~~
../src/DLU.c:220:12: warning: passing argument 1 of 'Xil_Out32' makes integer from pointer without a cast [-Wint-conversion]
  Xil_Out32((volatile u32 *) 0x40000118, (u32) 0x0c000000+(16*16)+(2*4)); // control{Reserved[31:28],Start[27],End[26],Reserved[25:23],buffer[22:0](2^23=8MB)}
            ^~~~~~~~~~~~~~~~~~~~~~~~~~~
In file included from ../src/DLU.c:55:
../../DLU_4_bsp/ps7_cortexa9_0/include/xil_io.h:219:38: note: expected 'UINTPTR' {aka 'unsigned int'} but argument is of type 'volatile u32 *' {aka 'volatile long unsigned int *'}
 static INLINE void Xil_Out32(UINTPTR Addr, u32 Value)
                              ~~~~~~~~^~~~
../src/DLU.c:221:12: warning: passing argument 1 of 'Xil_Out32' makes integer from pointer without a cast [-Wint-conversion]
  Xil_Out32((volatile u32 *) 0x4000011c, (u32) 0x00000000);//DMA Status, for check after transfer
            ^~~~~~~~~~~~~~~~~~~~~~~~~~~
In file included from ../src/DLU.c:55:
../../DLU_4_bsp/ps7_cortexa9_0/include/xil_io.h:219:38: note: expected 'UINTPTR' {aka 'unsigned int'} but argument is of type 'volatile u32 *' {aka 'volatile long unsigned int *'}
 static INLINE void Xil_Out32(UINTPTR Addr, u32 Value)
                              ~~~~~~~~^~~~
../src/DLU.c:222:12: warning: passing argument 1 of 'Xil_Out32' makes integer from pointer without a cast [-Wint-conversion]
  Xil_Out32((volatile u32 *) 0x40000120, (u32) 0x00000000);//User App Fields
            ^~~~~~~~~~~~~~~~~~~~~~~~~~~
In file included from ../src/DLU.c:55:
../../DLU_4_bsp/ps7_cortexa9_0/include/xil_io.h:219:38: note: expected 'UINTPTR' {aka 'unsigned int'} but argument is of type 'volatile u32 *' {aka 'volatile long unsigned int *'}
 static INLINE void Xil_Out32(UINTPTR Addr, u32 Value)
                              ~~~~~~~~^~~~
../src/DLU.c:223:12: warning: passing argument 1 of 'Xil_Out32' makes integer from pointer without a cast [-Wint-conversion]
  Xil_Out32((volatile u32 *) 0x40000124, (u32) 0x00000000);//User App Fields
            ^~~~~~~~~~~~~~~~~~~~~~~~~~~
In file included from ../src/DLU.c:55:
../../DLU_4_bsp/ps7_cortexa9_0/include/xil_io.h:219:38: note: expected 'UINTPTR' {aka 'unsigned int'} but argument is of type 'volatile u32 *' {aka 'volatile long unsigned int *'}
 static INLINE void Xil_Out32(UINTPTR Addr, u32 Value)
                              ~~~~~~~~^~~~
../src/DLU.c:224:12: warning: passing argument 1 of 'Xil_Out32' makes integer from pointer without a cast [-Wint-conversion]
  Xil_Out32((volatile u32 *) 0x40000128, (u32) 0x00000000);//User App Fields
            ^~~~~~~~~~~~~~~~~~~~~~~~~~~
In file included from ../src/DLU.c:55:
../../DLU_4_bsp/ps7_cortexa9_0/include/xil_io.h:219:38: note: expected 'UINTPTR' {aka 'unsigned int'} but argument is of type 'volatile u32 *' {aka 'volatile long unsigned int *'}
 static INLINE void Xil_Out32(UINTPTR Addr, u32 Value)
                              ~~~~~~~~^~~~
../src/DLU.c:225:12: warning: passing argument 1 of 'Xil_Out32' makes integer from pointer without a cast [-Wint-conversion]
  Xil_Out32((volatile u32 *) 0x4000012c, (u32) 0x00000000);//User App Fields
            ^~~~~~~~~~~~~~~~~~~~~~~~~~~
In file included from ../src/DLU.c:55:
../../DLU_4_bsp/ps7_cortexa9_0/include/xil_io.h:219:38: note: expected 'UINTPTR' {aka 'unsigned int'} but argument is of type 'volatile u32 *' {aka 'volatile long unsigned int *'}
 static INLINE void Xil_Out32(UINTPTR Addr, u32 Value)
                              ~~~~~~~~^~~~
../src/DLU.c:226:12: warning: passing argument 1 of 'Xil_Out32' makes integer from pointer without a cast [-Wint-conversion]
  Xil_Out32((volatile u32 *) 0x40000130, (u32) 0x00000000);//User App Fields
            ^~~~~~~~~~~~~~~~~~~~~~~~~~~
In file included from ../src/DLU.c:55:
../../DLU_4_bsp/ps7_cortexa9_0/include/xil_io.h:219:38: note: expected 'UINTPTR' {aka 'unsigned int'} but argument is of type 'volatile u32 *' {aka 'volatile long unsigned int *'}
 static INLINE void Xil_Out32(UINTPTR Addr, u32 Value)
                              ~~~~~~~~^~~~
../src/DLU.c:228:12: warning: passing argument 1 of 'Xil_Out32' makes integer from pointer without a cast [-Wint-conversion]
  Xil_Out32((volatile u32 *) 0x40001000, (u32) 0x40001000);
            ^~~~~~~~~~~~~~~~~~~~~~~~~~~
In file included from ../src/DLU.c:55:
../../DLU_4_bsp/ps7_cortexa9_0/include/xil_io.h:219:38: note: expected 'UINTPTR' {aka 'unsigned int'} but argument is of type 'volatile u32 *' {aka 'volatile long unsigned int *'}
 static INLINE void Xil_Out32(UINTPTR Addr, u32 Value)
                              ~~~~~~~~^~~~
../src/DLU.c:229:12: warning: passing argument 1 of 'Xil_Out32' makes integer from pointer without a cast [-Wint-conversion]
  Xil_Out32((volatile u32 *) 0x40001004, (u32) 0x00000000);
            ^~~~~~~~~~~~~~~~~~~~~~~~~~~
In file included from ../src/DLU.c:55:
../../DLU_4_bsp/ps7_cortexa9_0/include/xil_io.h:219:38: note: expected 'UINTPTR' {aka 'unsigned int'} but argument is of type 'volatile u32 *' {aka 'volatile long unsigned int *'}
 static INLINE void Xil_Out32(UINTPTR Addr, u32 Value)
                              ~~~~~~~~^~~~
../src/DLU.c:230:12: warning: passing argument 1 of 'Xil_Out32' makes integer from pointer without a cast [-Wint-conversion]
  Xil_Out32((volatile u32 *) 0x40001008, (u32) 0x00b00000);
            ^~~~~~~~~~~~~~~~~~~~~~~~~~~
In file included from ../src/DLU.c:55:
../../DLU_4_bsp/ps7_cortexa9_0/include/xil_io.h:219:38: note: expected 'UINTPTR' {aka 'unsigned int'} but argument is of type 'volatile u32 *' {aka 'volatile long unsigned int *'}
 static INLINE void Xil_Out32(UINTPTR Addr, u32 Value)
                              ~~~~~~~~^~~~
../src/DLU.c:231:12: warning: passing argument 1 of 'Xil_Out32' makes integer from pointer without a cast [-Wint-conversion]
  Xil_Out32((volatile u32 *) 0x4000100c, (u32) 0x00000000);
            ^~~~~~~~~~~~~~~~~~~~~~~~~~~
In file included from ../src/DLU.c:55:
../../DLU_4_bsp/ps7_cortexa9_0/include/xil_io.h:219:38: note: expected 'UINTPTR' {aka 'unsigned int'} but argument is of type 'volatile u32 *' {aka 'volatile long unsigned int *'}
 static INLINE void Xil_Out32(UINTPTR Addr, u32 Value)
                              ~~~~~~~~^~~~
../src/DLU.c:232:12: warning: passing argument 1 of 'Xil_Out32' makes integer from pointer without a cast [-Wint-conversion]
  Xil_Out32((volatile u32 *) 0x40001010, (u32) 0x00000000);
            ^~~~~~~~~~~~~~~~~~~~~~~~~~~
In file included from ../src/DLU.c:55:
../../DLU_4_bsp/ps7_cortexa9_0/include/xil_io.h:219:38: note: expected 'UINTPTR' {aka 'unsigned int'} but argument is of type 'volatile u32 *' {aka 'volatile long unsigned int *'}
 static INLINE void Xil_Out32(UINTPTR Addr, u32 Value)
                              ~~~~~~~~^~~~
../src/DLU.c:233:12: warning: passing argument 1 of 'Xil_Out32' makes integer from pointer without a cast [-Wint-conversion]
  Xil_Out32((volatile u32 *) 0x40001014, (u32) 0x00000000);
            ^~~~~~~~~~~~~~~~~~~~~~~~~~~
In file included from ../src/DLU.c:55:
../../DLU_4_bsp/ps7_cortexa9_0/include/xil_io.h:219:38: note: expected 'UINTPTR' {aka 'unsigned int'} but argument is of type 'volatile u32 *' {aka 'volatile long unsigned int *'}
 static INLINE void Xil_Out32(UINTPTR Addr, u32 Value)
                              ~~~~~~~~^~~~
../src/DLU.c:234:12: warning: passing argument 1 of 'Xil_Out32' makes integer from pointer without a cast [-Wint-conversion]
  Xil_Out32((volatile u32 *) 0x40001018, (u32) 0x0c000000+(46*46*4)+4);
            ^~~~~~~~~~~~~~~~~~~~~~~~~~~
In file included from ../src/DLU.c:55:
../../DLU_4_bsp/ps7_cortexa9_0/include/xil_io.h:219:38: note: expected 'UINTPTR' {aka 'unsigned int'} but argument is of type 'volatile u32 *' {aka 'volatile long unsigned int *'}
 static INLINE void Xil_Out32(UINTPTR Addr, u32 Value)
                              ~~~~~~~~^~~~
../src/DLU.c:235:12: warning: passing argument 1 of 'Xil_Out32' makes integer from pointer without a cast [-Wint-conversion]
  Xil_Out32((volatile u32 *) 0x4000101c, (u32) 0x00000000);
            ^~~~~~~~~~~~~~~~~~~~~~~~~~~
In file included from ../src/DLU.c:55:
../../DLU_4_bsp/ps7_cortexa9_0/include/xil_io.h:219:38: note: expected 'UINTPTR' {aka 'unsigned int'} but argument is of type 'volatile u32 *' {aka 'volatile long unsigned int *'}
 static INLINE void Xil_Out32(UINTPTR Addr, u32 Value)
                              ~~~~~~~~^~~~
../src/DLU.c:236:12: warning: passing argument 1 of 'Xil_Out32' makes integer from pointer without a cast [-Wint-conversion]
  Xil_Out32((volatile u32 *) 0x40001020, (u32) 0x00000000);
            ^~~~~~~~~~~~~~~~~~~~~~~~~~~
In file included from ../src/DLU.c:55:
../../DLU_4_bsp/ps7_cortexa9_0/include/xil_io.h:219:38: note: expected 'UINTPTR' {aka 'unsigned int'} but argument is of type 'volatile u32 *' {aka 'volatile long unsigned int *'}
 static INLINE void Xil_Out32(UINTPTR Addr, u32 Value)
                              ~~~~~~~~^~~~
../src/DLU.c:237:12: warning: passing argument 1 of 'Xil_Out32' makes integer from pointer without a cast [-Wint-conversion]
  Xil_Out32((volatile u32 *) 0x40001024, (u32) 0x00000000);
            ^~~~~~~~~~~~~~~~~~~~~~~~~~~
In file included from ../src/DLU.c:55:
../../DLU_4_bsp/ps7_cortexa9_0/include/xil_io.h:219:38: note: expected 'UINTPTR' {aka 'unsigned int'} but argument is of type 'volatile u32 *' {aka 'volatile long unsigned int *'}
 static INLINE void Xil_Out32(UINTPTR Addr, u32 Value)
                              ~~~~~~~~^~~~
../src/DLU.c:238:12: warning: passing argument 1 of 'Xil_Out32' makes integer from pointer without a cast [-Wint-conversion]
  Xil_Out32((volatile u32 *) 0x40001028, (u32) 0x00000000);
            ^~~~~~~~~~~~~~~~~~~~~~~~~~~
In file included from ../src/DLU.c:55:
../../DLU_4_bsp/ps7_cortexa9_0/include/xil_io.h:219:38: note: expected 'UINTPTR' {aka 'unsigned int'} but argument is of type 'volatile u32 *' {aka 'volatile long unsigned int *'}
 static INLINE void Xil_Out32(UINTPTR Addr, u32 Value)
                              ~~~~~~~~^~~~
../src/DLU.c:239:12: warning: passing argument 1 of 'Xil_Out32' makes integer from pointer without a cast [-Wint-conversion]
  Xil_Out32((volatile u32 *) 0x4000102c, (u32) 0x00000000);
            ^~~~~~~~~~~~~~~~~~~~~~~~~~~
In file included from ../src/DLU.c:55:
../../DLU_4_bsp/ps7_cortexa9_0/include/xil_io.h:219:38: note: expected 'UINTPTR' {aka 'unsigned int'} but argument is of type 'volatile u32 *' {aka 'volatile long unsigned int *'}
 static INLINE void Xil_Out32(UINTPTR Addr, u32 Value)
                              ~~~~~~~~^~~~
../src/DLU.c:240:12: warning: passing argument 1 of 'Xil_Out32' makes integer from pointer without a cast [-Wint-conversion]
  Xil_Out32((volatile u32 *) 0x40001030, (u32) 0x00000000);
            ^~~~~~~~~~~~~~~~~~~~~~~~~~~
In file included from ../src/DLU.c:55:
../../DLU_4_bsp/ps7_cortexa9_0/include/xil_io.h:219:38: note: expected 'UINTPTR' {aka 'unsigned int'} but argument is of type 'volatile u32 *' {aka 'volatile long unsigned int *'}
 static INLINE void Xil_Out32(UINTPTR Addr, u32 Value)
                              ~~~~~~~~^~~~
../src/DLU.c: In function 'initDRAM':
../src/DLU.c:280:12: warning: passing argument 1 of 'Xil_Out32' makes integer from pointer without a cast [-Wint-conversion]
  Xil_Out32((volatile u32 *) (addr), (u32) inst[0]);addr+=4;
            ^~~~~~~~~~~~~~~~~~~~~~~
In file included from ../src/DLU.c:55:
../../DLU_4_bsp/ps7_cortexa9_0/include/xil_io.h:219:38: note: expected 'UINTPTR' {aka 'unsigned int'} but argument is of type 'volatile u32 *' {aka 'volatile long unsigned int *'}
 static INLINE void Xil_Out32(UINTPTR Addr, u32 Value)
                              ~~~~~~~~^~~~
../src/DLU.c:282:12: warning: passing argument 1 of 'Xil_Out32' makes integer from pointer without a cast [-Wint-conversion]
  Xil_Out32((volatile u32 *) (addr), (u32) instD1);addr+=4;
            ^~~~~~~~~~~~~~~~~~~~~~~
In file included from ../src/DLU.c:55:
../../DLU_4_bsp/ps7_cortexa9_0/include/xil_io.h:219:38: note: expected 'UINTPTR' {aka 'unsigned int'} but argument is of type 'volatile u32 *' {aka 'volatile long unsigned int *'}
 static INLINE void Xil_Out32(UINTPTR Addr, u32 Value)
                              ~~~~~~~~^~~~
../src/DLU.c:286:13: warning: passing argument 1 of 'Xil_Out32' makes integer from pointer without a cast [-Wint-conversion]
   Xil_Out32((volatile u32 *) (addr), (u32) (im[i+3]<<24)+(im[i+2]<<16)+(im[i+1]<<8)+(im[i]));addr+=4;
             ^~~~~~~~~~~~~~~~~~~~~~~
In file included from ../src/DLU.c:55:
../../DLU_4_bsp/ps7_cortexa9_0/include/xil_io.h:219:38: note: expected 'UINTPTR' {aka 'unsigned int'} but argument is of type 'volatile u32 *' {aka 'volatile long unsigned int *'}
 static INLINE void Xil_Out32(UINTPTR Addr, u32 Value)
                              ~~~~~~~~^~~~
../src/DLU.c:301:12: warning: passing argument 1 of 'Xil_Out32' makes integer from pointer without a cast [-Wint-conversion]
  Xil_Out32((volatile u32 *) (addr), (u32) inst[1]);addr+=4;
            ^~~~~~~~~~~~~~~~~~~~~~~
In file included from ../src/DLU.c:55:
../../DLU_4_bsp/ps7_cortexa9_0/include/xil_io.h:219:38: note: expected 'UINTPTR' {aka 'unsigned int'} but argument is of type 'volatile u32 *' {aka 'volatile long unsigned int *'}
 static INLINE void Xil_Out32(UINTPTR Addr, u32 Value)
                              ~~~~~~~~^~~~
../src/DLU.c:303:12: warning: passing argument 1 of 'Xil_Out32' makes integer from pointer without a cast [-Wint-conversion]
  Xil_Out32((volatile u32 *) (addr), (u32) instD2);addr+=4;
            ^~~~~~~~~~~~~~~~~~~~~~~
In file included from ../src/DLU.c:55:
../../DLU_4_bsp/ps7_cortexa9_0/include/xil_io.h:219:38: note: expected 'UINTPTR' {aka 'unsigned int'} but argument is of type 'volatile u32 *' {aka 'volatile long unsigned int *'}
 static INLINE void Xil_Out32(UINTPTR Addr, u32 Value)
                              ~~~~~~~~^~~~
../src/DLU.c:305:13: warning: passing argument 1 of 'Xil_Out32' makes integer from pointer without a cast [-Wint-conversion]
   Xil_Out32((volatile u32 *) (addr), (u32) (filter[i+2]<<16)+(filter[i+1]<<8)+filter[i]);addr+=4;
             ^~~~~~~~~~~~~~~~~~~~~~~
In file included from ../src/DLU.c:55:
../../DLU_4_bsp/ps7_cortexa9_0/include/xil_io.h:219:38: note: expected 'UINTPTR' {aka 'unsigned int'} but argument is of type 'volatile u32 *' {aka 'volatile long unsigned int *'}
 static INLINE void Xil_Out32(UINTPTR Addr, u32 Value)
                              ~~~~~~~~^~~~
../src/DLU.c:308:13: warning: passing argument 1 of 'Xil_Out32' makes integer from pointer without a cast [-Wint-conversion]
   Xil_Out32((volatile u32 *) (addr), (u32) (filter[i+2]<<16)+(filter[i+1]<<8)+filter[i]);addr+=4;
             ^~~~~~~~~~~~~~~~~~~~~~~
In file included from ../src/DLU.c:55:
../../DLU_4_bsp/ps7_cortexa9_0/include/xil_io.h:219:38: note: expected 'UINTPTR' {aka 'unsigned int'} but argument is of type 'volatile u32 *' {aka 'volatile long unsigned int *'}
 static INLINE void Xil_Out32(UINTPTR Addr, u32 Value)
                              ~~~~~~~~^~~~
../src/DLU.c:315:13: warning: passing argument 1 of 'Xil_Out32' makes integer from pointer without a cast [-Wint-conversion]
   Xil_Out32((volatile u32 *) (0x00b00000+(i*4)), (u32) 0xbbbbbbbb);
             ^~~~~~~~~~~~~~~~~~~~~~~~~~~~~~~~~~~
In file included from ../src/DLU.c:55:
../../DLU_4_bsp/ps7_cortexa9_0/include/xil_io.h:219:38: note: expected 'UINTPTR' {aka 'unsigned int'} but argument is of type 'volatile u32 *' {aka 'volatile long unsigned int *'}
 static INLINE void Xil_Out32(UINTPTR Addr, u32 Value)
                              ~~~~~~~~^~~~
../src/DLU.c: In function 'startS2MM':
../src/DLU.c:337:12: warning: passing argument 1 of 'Xil_Out32' makes integer from pointer without a cast [-Wint-conversion]
  Xil_Out32((volatile u32 *) 0x4040003c, (u32) 0x00000000);
            ^~~~~~~~~~~~~~~~~~~~~~~~~~~
In file included from ../src/DLU.c:55:
../../DLU_4_bsp/ps7_cortexa9_0/include/xil_io.h:219:38: note: expected 'UINTPTR' {aka 'unsigned int'} but argument is of type 'volatile u32 *' {aka 'volatile long unsigned int *'}
 static INLINE void Xil_Out32(UINTPTR Addr, u32 Value)
                              ~~~~~~~~^~~~
../src/DLU.c:338:12: warning: passing argument 1 of 'Xil_Out32' makes integer from pointer without a cast [-Wint-conversion]
  Xil_Out32((volatile u32 *) 0x40400038, (u32) descAddr);//Descriptor address
            ^~~~~~~~~~~~~~~~~~~~~~~~~~~
In file included from ../src/DLU.c:55:
../../DLU_4_bsp/ps7_cortexa9_0/include/xil_io.h:219:38: note: expected 'UINTPTR' {aka 'unsigned int'} but argument is of type 'volatile u32 *' {aka 'volatile long unsigned int *'}
 static INLINE void Xil_Out32(UINTPTR Addr, u32 Value)
                              ~~~~~~~~^~~~
../src/DLU.c:340:12: warning: passing argument 1 of 'Xil_Out32' makes integer from pointer without a cast [-Wint-conversion]
  Xil_Out32((volatile u32 *) 0x40400030, (u32) 0x0101dfe3);
            ^~~~~~~~~~~~~~~~~~~~~~~~~~~
In file included from ../src/DLU.c:55:
../../DLU_4_bsp/ps7_cortexa9_0/include/xil_io.h:219:38: note: expected 'UINTPTR' {aka 'unsigned int'} but argument is of type 'volatile u32 *' {aka 'volatile long unsigned int *'}
 static INLINE void Xil_Out32(UINTPTR Addr, u32 Value)
                              ~~~~~~~~^~~~
../src/DLU.c:342:12: warning: passing argument 1 of 'Xil_Out32' makes integer from pointer without a cast [-Wint-conversion]
  Xil_Out32((volatile u32 *) 0x40400044, (u32) 0x00000000);
            ^~~~~~~~~~~~~~~~~~~~~~~~~~~
In file included from ../src/DLU.c:55:
../../DLU_4_bsp/ps7_cortexa9_0/include/xil_io.h:219:38: note: expected 'UINTPTR' {aka 'unsigned int'} but argument is of type 'volatile u32 *' {aka 'volatile long unsigned int *'}
 static INLINE void Xil_Out32(UINTPTR Addr, u32 Value)
                              ~~~~~~~~^~~~
../src/DLU.c:343:12: warning: passing argument 1 of 'Xil_Out32' makes integer from pointer without a cast [-Wint-conversion]
  Xil_Out32((volatile u32 *) 0x40400040, (u32) descAddr);
            ^~~~~~~~~~~~~~~~~~~~~~~~~~~
In file included from ../src/DLU.c:55:
../../DLU_4_bsp/ps7_cortexa9_0/include/xil_io.h:219:38: note: expected 'UINTPTR' {aka 'unsigned int'} but argument is of type 'volatile u32 *' {aka 'volatile long unsigned int *'}
 static INLINE void Xil_Out32(UINTPTR Addr, u32 Value)
                              ~~~~~~~~^~~~
../src/DLU.c: In function 'startMM2S':
../src/DLU.c:364:12: warning: passing argument 1 of 'Xil_Out32' makes integer from pointer without a cast [-Wint-conversion]
  Xil_Out32((volatile u32 *) 0x4040000c, (u32) 0x00000000);
            ^~~~~~~~~~~~~~~~~~~~~~~~~~~
In file included from ../src/DLU.c:55:
../../DLU_4_bsp/ps7_cortexa9_0/include/xil_io.h:219:38: note: expected 'UINTPTR' {aka 'unsigned int'} but argument is of type 'volatile u32 *' {aka 'volatile long unsigned int *'}
 static INLINE void Xil_Out32(UINTPTR Addr, u32 Value)
                              ~~~~~~~~^~~~
../src/DLU.c:365:12: warning: passing argument 1 of 'Xil_Out32' makes integer from pointer without a cast [-Wint-conversion]
  Xil_Out32((volatile u32 *) 0x40400008, (u32) descAddr);//Descriptor address
            ^~~~~~~~~~~~~~~~~~~~~~~~~~~
In file included from ../src/DLU.c:55:
../../DLU_4_bsp/ps7_cortexa9_0/include/xil_io.h:219:38: note: expected 'UINTPTR' {aka 'unsigned int'} but argument is of type 'volatile u32 *' {aka 'volatile long unsigned int *'}
 static INLINE void Xil_Out32(UINTPTR Addr, u32 Value)
                              ~~~~~~~~^~~~
../src/DLU.c:367:12: warning: passing argument 1 of 'Xil_Out32' makes integer from pointer without a cast [-Wint-conversion]
  Xil_Out32((volatile u32 *) 0x40400000, (u32) 0x0101dfe3);
            ^~~~~~~~~~~~~~~~~~~~~~~~~~~
In file included from ../src/DLU.c:55:
../../DLU_4_bsp/ps7_cortexa9_0/include/xil_io.h:219:38: note: expected 'UINTPTR' {aka 'unsigned int'} but argument is of type 'volatile u32 *' {aka 'volatile long unsigned int *'}
 static INLINE void Xil_Out32(UINTPTR Addr, u32 Value)
                              ~~~~~~~~^~~~
../src/DLU.c:369:12: warning: passing argument 1 of 'Xil_Out32' makes integer from pointer without a cast [-Wint-conversion]
  Xil_Out32((volatile u32 *) 0x40400014, (u32) 0x00000000);
            ^~~~~~~~~~~~~~~~~~~~~~~~~~~
In file included from ../src/DLU.c:55:
../../DLU_4_bsp/ps7_cortexa9_0/include/xil_io.h:219:38: note: expected 'UINTPTR' {aka 'unsigned int'} but argument is of type 'volatile u32 *' {aka 'volatile long unsigned int *'}
 static INLINE void Xil_Out32(UINTPTR Addr, u32 Value)
                              ~~~~~~~~^~~~
../src/DLU.c:370:12: warning: passing argument 1 of 'Xil_Out32' makes integer from pointer without a cast [-Wint-conversion]
  Xil_Out32((volatile u32 *) 0x40400010, (u32) descAddr);
            ^~~~~~~~~~~~~~~~~~~~~~~~~~~
In file included from ../src/DLU.c:55:
../../DLU_4_bsp/ps7_cortexa9_0/include/xil_io.h:219:38: note: expected 'UINTPTR' {aka 'unsigned int'} but argument is of type 'volatile u32 *' {aka 'volatile long unsigned int *'}
 static INLINE void Xil_Out32(UINTPTR Addr, u32 Value)
                              ~~~~~~~~^~~~
../src/DLU.c: In function 'main':
../src/DLU.c:405:5: warning: implicit declaration of function 'Xil_DCacheFlush' [-Wimplicit-function-declaration]
     Xil_DCacheFlush();
     ^~~~~~~~~~~~~~~
'Finished building: ../src/DLU.c'
' '
'Building target: DLU_4.elf'
'Invoking: ARM v7 gcc linker'
arm-none-eabi-gcc -mcpu=cortex-a9 -mfpu=vfpv3 -mfloat-abi=hard -Wl,-build-id=none -specs=Xilinx.spec -Wl,-T -Wl,../src/lscript.ld -L../../DLU_4_bsp/ps7_cortexa9_0/lib -o "DLU_4.elf"  ./src/DLU.o ./src/platform.o   -Wl,--start-group,-lxil,-lgcc,-lc,--end-group
'Finished building target: DLU_4.elf'
' '
'Invoking: ARM v7 Print Size'
arm-none-eabi-size DLU_4.elf  |tee "DLU_4.elf.size"
   text	   data	    bss	    dec	    hex	filename
  49456	   5672	  23368	  78496	  132a0	DLU_4.elf
'Finished building: DLU_4.elf.size'
' '
19:34:18 **** Incremental Build of configuration Debug for project DLU_4 ****
make pre-build main-build 
a9-linaro-pre-build-step
' '
make: Nothing to be done for 'main-build'.
19:34:37 **** Auto Build of configuration Debug for project DLU_4 ****
make pre-build main-build 
a9-linaro-pre-build-step
' '
'Building file: ../src/DLU.c'
'Invoking: ARM v7 gcc compiler'
arm-none-eabi-gcc -Wall -O0 -g3 -c -fmessage-length=0 -MT"src/DLU.o" -mcpu=cortex-a9 -mfpu=vfpv3 -mfloat-abi=hard -I../../DLU_4_bsp/ps7_cortexa9_0/include -MMD -MP -MF"src/DLU.d" -MT"src/DLU.o" -o "src/DLU.o" "../src/DLU.c"
../src/DLU.c: In function 'initDMA':
../src/DLU.c:145:12: warning: passing argument 1 of 'Xil_Out32' makes integer from pointer without a cast [-Wint-conversion]
  Xil_Out32((volatile u32 *) 0x40400000, (u32) 0x0101dfe6);
            ^~~~~~~~~~~~~~~~~~~~~~~~~~~
In file included from ../src/DLU.c:55:
../../DLU_4_bsp/ps7_cortexa9_0/include/xil_io.h:219:38: note: expected 'UINTPTR' {aka 'unsigned int'} but argument is of type 'volatile u32 *' {aka 'volatile long unsigned int *'}
 static INLINE void Xil_Out32(UINTPTR Addr, u32 Value)
                              ~~~~~~~~^~~~
../src/DLU.c:146:12: warning: passing argument 1 of 'Xil_Out32' makes integer from pointer without a cast [-Wint-conversion]
  Xil_Out32((volatile u32 *) 0x40400000, (u32) 0x0101dfe2);
            ^~~~~~~~~~~~~~~~~~~~~~~~~~~
In file included from ../src/DLU.c:55:
../../DLU_4_bsp/ps7_cortexa9_0/include/xil_io.h:219:38: note: expected 'UINTPTR' {aka 'unsigned int'} but argument is of type 'volatile u32 *' {aka 'volatile long unsigned int *'}
 static INLINE void Xil_Out32(UINTPTR Addr, u32 Value)
                              ~~~~~~~~^~~~
../src/DLU.c:148:12: warning: passing argument 1 of 'Xil_Out32' makes integer from pointer without a cast [-Wint-conversion]
  Xil_Out32((volatile u32 *) 0x40400030, (u32) 0x0101dfe6);
            ^~~~~~~~~~~~~~~~~~~~~~~~~~~
In file included from ../src/DLU.c:55:
../../DLU_4_bsp/ps7_cortexa9_0/include/xil_io.h:219:38: note: expected 'UINTPTR' {aka 'unsigned int'} but argument is of type 'volatile u32 *' {aka 'volatile long unsigned int *'}
 static INLINE void Xil_Out32(UINTPTR Addr, u32 Value)
                              ~~~~~~~~^~~~
../src/DLU.c:149:12: warning: passing argument 1 of 'Xil_Out32' makes integer from pointer without a cast [-Wint-conversion]
  Xil_Out32((volatile u32 *) 0x40400030, (u32) 0x0101dfe2);
            ^~~~~~~~~~~~~~~~~~~~~~~~~~~
In file included from ../src/DLU.c:55:
../../DLU_4_bsp/ps7_cortexa9_0/include/xil_io.h:219:38: note: expected 'UINTPTR' {aka 'unsigned int'} but argument is of type 'volatile u32 *' {aka 'volatile long unsigned int *'}
 static INLINE void Xil_Out32(UINTPTR Addr, u32 Value)
                              ~~~~~~~~^~~~
../src/DLU.c: In function 'writeDescriptors':
../src/DLU.c:200:12: warning: passing argument 1 of 'Xil_Out32' makes integer from pointer without a cast [-Wint-conversion]
  Xil_Out32((volatile u32 *) 0x40000000, (u32) 0x40000000);//next Descriptor (LSB)
            ^~~~~~~~~~~~~~~~~~~~~~~~~~~
In file included from ../src/DLU.c:55:
../../DLU_4_bsp/ps7_cortexa9_0/include/xil_io.h:219:38: note: expected 'UINTPTR' {aka 'unsigned int'} but argument is of type 'volatile u32 *' {aka 'volatile long unsigned int *'}
 static INLINE void Xil_Out32(UINTPTR Addr, u32 Value)
                              ~~~~~~~~^~~~
../src/DLU.c:201:12: warning: passing argument 1 of 'Xil_Out32' makes integer from pointer without a cast [-Wint-conversion]
  Xil_Out32((volatile u32 *) 0x40000004, (u32) 0x00000000);// MSB
            ^~~~~~~~~~~~~~~~~~~~~~~~~~~
In file included from ../src/DLU.c:55:
../../DLU_4_bsp/ps7_cortexa9_0/include/xil_io.h:219:38: note: expected 'UINTPTR' {aka 'unsigned int'} but argument is of type 'volatile u32 *' {aka 'volatile long unsigned int *'}
 static INLINE void Xil_Out32(UINTPTR Addr, u32 Value)
                              ~~~~~~~~^~~~
../src/DLU.c:202:12: warning: passing argument 1 of 'Xil_Out32' makes integer from pointer without a cast [-Wint-conversion]
  Xil_Out32((volatile u32 *) 0x40000008, (u32) 0x00aa0000);//Buffer Address (LSB)
            ^~~~~~~~~~~~~~~~~~~~~~~~~~~
In file included from ../src/DLU.c:55:
../../DLU_4_bsp/ps7_cortexa9_0/include/xil_io.h:219:38: note: expected 'UINTPTR' {aka 'unsigned int'} but argument is of type 'volatile u32 *' {aka 'volatile long unsigned int *'}
 static INLINE void Xil_Out32(UINTPTR Addr, u32 Value)
                              ~~~~~~~~^~~~
../src/DLU.c:203:12: warning: passing argument 1 of 'Xil_Out32' makes integer from pointer without a cast [-Wint-conversion]
  Xil_Out32((volatile u32 *) 0x4000000c, (u32) 0x00000000);//MSB
            ^~~~~~~~~~~~~~~~~~~~~~~~~~~
In file included from ../src/DLU.c:55:
../../DLU_4_bsp/ps7_cortexa9_0/include/xil_io.h:219:38: note: expected 'UINTPTR' {aka 'unsigned int'} but argument is of type 'volatile u32 *' {aka 'volatile long unsigned int *'}
 static INLINE void Xil_Out32(UINTPTR Addr, u32 Value)
                              ~~~~~~~~^~~~
../src/DLU.c:204:12: warning: passing argument 1 of 'Xil_Out32' makes integer from pointer without a cast [-Wint-conversion]
  Xil_Out32((volatile u32 *) 0x40000010, (u32) 0x00000000);//Reserved
            ^~~~~~~~~~~~~~~~~~~~~~~~~~~
In file included from ../src/DLU.c:55:
../../DLU_4_bsp/ps7_cortexa9_0/include/xil_io.h:219:38: note: expected 'UINTPTR' {aka 'unsigned int'} but argument is of type 'volatile u32 *' {aka 'volatile long unsigned int *'}
 static INLINE void Xil_Out32(UINTPTR Addr, u32 Value)
                              ~~~~~~~~^~~~
../src/DLU.c:205:12: warning: passing argument 1 of 'Xil_Out32' makes integer from pointer without a cast [-Wint-conversion]
  Xil_Out32((volatile u32 *) 0x40000014, (u32) 0x00000000);//Reserved
            ^~~~~~~~~~~~~~~~~~~~~~~~~~~
In file included from ../src/DLU.c:55:
../../DLU_4_bsp/ps7_cortexa9_0/include/xil_io.h:219:38: note: expected 'UINTPTR' {aka 'unsigned int'} but argument is of type 'volatile u32 *' {aka 'volatile long unsigned int *'}
 static INLINE void Xil_Out32(UINTPTR Addr, u32 Value)
                              ~~~~~~~~^~~~
../src/DLU.c:206:12: warning: passing argument 1 of 'Xil_Out32' makes integer from pointer without a cast [-Wint-conversion]
  Xil_Out32((volatile u32 *) 0x40000018, (u32) 0x0c000000+(48*48)+(2*4)); // control{Reserved[31:28],Start[27],End[26],Reserved[25:23],buffer[22:0](2^23=8MB)}
            ^~~~~~~~~~~~~~~~~~~~~~~~~~~
In file included from ../src/DLU.c:55:
../../DLU_4_bsp/ps7_cortexa9_0/include/xil_io.h:219:38: note: expected 'UINTPTR' {aka 'unsigned int'} but argument is of type 'volatile u32 *' {aka 'volatile long unsigned int *'}
 static INLINE void Xil_Out32(UINTPTR Addr, u32 Value)
                              ~~~~~~~~^~~~
../src/DLU.c:207:12: warning: passing argument 1 of 'Xil_Out32' makes integer from pointer without a cast [-Wint-conversion]
  Xil_Out32((volatile u32 *) 0x4000001c, (u32) 0x00000000);//DMA Status, for check after transfer
            ^~~~~~~~~~~~~~~~~~~~~~~~~~~
In file included from ../src/DLU.c:55:
../../DLU_4_bsp/ps7_cortexa9_0/include/xil_io.h:219:38: note: expected 'UINTPTR' {aka 'unsigned int'} but argument is of type 'volatile u32 *' {aka 'volatile long unsigned int *'}
 static INLINE void Xil_Out32(UINTPTR Addr, u32 Value)
                              ~~~~~~~~^~~~
../src/DLU.c:208:12: warning: passing argument 1 of 'Xil_Out32' makes integer from pointer without a cast [-Wint-conversion]
  Xil_Out32((volatile u32 *) 0x40000020, (u32) 0x00000000);//User App Fields
            ^~~~~~~~~~~~~~~~~~~~~~~~~~~
In file included from ../src/DLU.c:55:
../../DLU_4_bsp/ps7_cortexa9_0/include/xil_io.h:219:38: note: expected 'UINTPTR' {aka 'unsigned int'} but argument is of type 'volatile u32 *' {aka 'volatile long unsigned int *'}
 static INLINE void Xil_Out32(UINTPTR Addr, u32 Value)
                              ~~~~~~~~^~~~
../src/DLU.c:209:12: warning: passing argument 1 of 'Xil_Out32' makes integer from pointer without a cast [-Wint-conversion]
  Xil_Out32((volatile u32 *) 0x40000024, (u32) 0x00000000);//User App Fields
            ^~~~~~~~~~~~~~~~~~~~~~~~~~~
In file included from ../src/DLU.c:55:
../../DLU_4_bsp/ps7_cortexa9_0/include/xil_io.h:219:38: note: expected 'UINTPTR' {aka 'unsigned int'} but argument is of type 'volatile u32 *' {aka 'volatile long unsigned int *'}
 static INLINE void Xil_Out32(UINTPTR Addr, u32 Value)
                              ~~~~~~~~^~~~
../src/DLU.c:210:12: warning: passing argument 1 of 'Xil_Out32' makes integer from pointer without a cast [-Wint-conversion]
  Xil_Out32((volatile u32 *) 0x40000028, (u32) 0x00000000);//User App Fields
            ^~~~~~~~~~~~~~~~~~~~~~~~~~~
In file included from ../src/DLU.c:55:
../../DLU_4_bsp/ps7_cortexa9_0/include/xil_io.h:219:38: note: expected 'UINTPTR' {aka 'unsigned int'} but argument is of type 'volatile u32 *' {aka 'volatile long unsigned int *'}
 static INLINE void Xil_Out32(UINTPTR Addr, u32 Value)
                              ~~~~~~~~^~~~
../src/DLU.c:211:12: warning: passing argument 1 of 'Xil_Out32' makes integer from pointer without a cast [-Wint-conversion]
  Xil_Out32((volatile u32 *) 0x4000002c, (u32) 0x00000000);//User App Fields
            ^~~~~~~~~~~~~~~~~~~~~~~~~~~
In file included from ../src/DLU.c:55:
../../DLU_4_bsp/ps7_cortexa9_0/include/xil_io.h:219:38: note: expected 'UINTPTR' {aka 'unsigned int'} but argument is of type 'volatile u32 *' {aka 'volatile long unsigned int *'}
 static INLINE void Xil_Out32(UINTPTR Addr, u32 Value)
                              ~~~~~~~~^~~~
../src/DLU.c:212:12: warning: passing argument 1 of 'Xil_Out32' makes integer from pointer without a cast [-Wint-conversion]
  Xil_Out32((volatile u32 *) 0x40000030, (u32) 0x00000000);//User App Fields
            ^~~~~~~~~~~~~~~~~~~~~~~~~~~
In file included from ../src/DLU.c:55:
../../DLU_4_bsp/ps7_cortexa9_0/include/xil_io.h:219:38: note: expected 'UINTPTR' {aka 'unsigned int'} but argument is of type 'volatile u32 *' {aka 'volatile long unsigned int *'}
 static INLINE void Xil_Out32(UINTPTR Addr, u32 Value)
                              ~~~~~~~~^~~~
../src/DLU.c:214:12: warning: passing argument 1 of 'Xil_Out32' makes integer from pointer without a cast [-Wint-conversion]
  Xil_Out32((volatile u32 *) 0x40000100, (u32) 0x40000100);//next Descriptor (LSB)
            ^~~~~~~~~~~~~~~~~~~~~~~~~~~
In file included from ../src/DLU.c:55:
../../DLU_4_bsp/ps7_cortexa9_0/include/xil_io.h:219:38: note: expected 'UINTPTR' {aka 'unsigned int'} but argument is of type 'volatile u32 *' {aka 'volatile long unsigned int *'}
 static INLINE void Xil_Out32(UINTPTR Addr, u32 Value)
                              ~~~~~~~~^~~~
../src/DLU.c:215:12: warning: passing argument 1 of 'Xil_Out32' makes integer from pointer without a cast [-Wint-conversion]
  Xil_Out32((volatile u32 *) 0x40000104, (u32) 0x00000000);// MSB
            ^~~~~~~~~~~~~~~~~~~~~~~~~~~
In file included from ../src/DLU.c:55:
../../DLU_4_bsp/ps7_cortexa9_0/include/xil_io.h:219:38: note: expected 'UINTPTR' {aka 'unsigned int'} but argument is of type 'volatile u32 *' {aka 'volatile long unsigned int *'}
 static INLINE void Xil_Out32(UINTPTR Addr, u32 Value)
                              ~~~~~~~~^~~~
../src/DLU.c:216:12: warning: passing argument 1 of 'Xil_Out32' makes integer from pointer without a cast [-Wint-conversion]
  Xil_Out32((volatile u32 *) 0x40000108, (u32) 0x00ab0000);//Buffer Address (LSB)
            ^~~~~~~~~~~~~~~~~~~~~~~~~~~
In file included from ../src/DLU.c:55:
../../DLU_4_bsp/ps7_cortexa9_0/include/xil_io.h:219:38: note: expected 'UINTPTR' {aka 'unsigned int'} but argument is of type 'volatile u32 *' {aka 'volatile long unsigned int *'}
 static INLINE void Xil_Out32(UINTPTR Addr, u32 Value)
                              ~~~~~~~~^~~~
../src/DLU.c:217:12: warning: passing argument 1 of 'Xil_Out32' makes integer from pointer without a cast [-Wint-conversion]
  Xil_Out32((volatile u32 *) 0x4000010c, (u32) 0x00000000);//MSB
            ^~~~~~~~~~~~~~~~~~~~~~~~~~~
In file included from ../src/DLU.c:55:
../../DLU_4_bsp/ps7_cortexa9_0/include/xil_io.h:219:38: note: expected 'UINTPTR' {aka 'unsigned int'} but argument is of type 'volatile u32 *' {aka 'volatile long unsigned int *'}
 static INLINE void Xil_Out32(UINTPTR Addr, u32 Value)
                              ~~~~~~~~^~~~
../src/DLU.c:218:12: warning: passing argument 1 of 'Xil_Out32' makes integer from pointer without a cast [-Wint-conversion]
  Xil_Out32((volatile u32 *) 0x40000110, (u32) 0x00000000);//Reserved
            ^~~~~~~~~~~~~~~~~~~~~~~~~~~
In file included from ../src/DLU.c:55:
../../DLU_4_bsp/ps7_cortexa9_0/include/xil_io.h:219:38: note: expected 'UINTPTR' {aka 'unsigned int'} but argument is of type 'volatile u32 *' {aka 'volatile long unsigned int *'}
 static INLINE void Xil_Out32(UINTPTR Addr, u32 Value)
                              ~~~~~~~~^~~~
../src/DLU.c:219:12: warning: passing argument 1 of 'Xil_Out32' makes integer from pointer without a cast [-Wint-conversion]
  Xil_Out32((volatile u32 *) 0x40000114, (u32) 0x00000000);//Reserved
            ^~~~~~~~~~~~~~~~~~~~~~~~~~~
In file included from ../src/DLU.c:55:
../../DLU_4_bsp/ps7_cortexa9_0/include/xil_io.h:219:38: note: expected 'UINTPTR' {aka 'unsigned int'} but argument is of type 'volatile u32 *' {aka 'volatile long unsigned int *'}
 static INLINE void Xil_Out32(UINTPTR Addr, u32 Value)
                              ~~~~~~~~^~~~
../src/DLU.c:220:12: warning: passing argument 1 of 'Xil_Out32' makes integer from pointer without a cast [-Wint-conversion]
  Xil_Out32((volatile u32 *) 0x40000118, (u32) 0x0c000000+(16*16)+(2*4)); // control{Reserved[31:28],Start[27],End[26],Reserved[25:23],buffer[22:0](2^23=8MB)}
            ^~~~~~~~~~~~~~~~~~~~~~~~~~~
In file included from ../src/DLU.c:55:
../../DLU_4_bsp/ps7_cortexa9_0/include/xil_io.h:219:38: note: expected 'UINTPTR' {aka 'unsigned int'} but argument is of type 'volatile u32 *' {aka 'volatile long unsigned int *'}
 static INLINE void Xil_Out32(UINTPTR Addr, u32 Value)
                              ~~~~~~~~^~~~
../src/DLU.c:221:12: warning: passing argument 1 of 'Xil_Out32' makes integer from pointer without a cast [-Wint-conversion]
  Xil_Out32((volatile u32 *) 0x4000011c, (u32) 0x00000000);//DMA Status, for check after transfer
            ^~~~~~~~~~~~~~~~~~~~~~~~~~~
In file included from ../src/DLU.c:55:
../../DLU_4_bsp/ps7_cortexa9_0/include/xil_io.h:219:38: note: expected 'UINTPTR' {aka 'unsigned int'} but argument is of type 'volatile u32 *' {aka 'volatile long unsigned int *'}
 static INLINE void Xil_Out32(UINTPTR Addr, u32 Value)
                              ~~~~~~~~^~~~
../src/DLU.c:222:12: warning: passing argument 1 of 'Xil_Out32' makes integer from pointer without a cast [-Wint-conversion]
  Xil_Out32((volatile u32 *) 0x40000120, (u32) 0x00000000);//User App Fields
            ^~~~~~~~~~~~~~~~~~~~~~~~~~~
In file included from ../src/DLU.c:55:
../../DLU_4_bsp/ps7_cortexa9_0/include/xil_io.h:219:38: note: expected 'UINTPTR' {aka 'unsigned int'} but argument is of type 'volatile u32 *' {aka 'volatile long unsigned int *'}
 static INLINE void Xil_Out32(UINTPTR Addr, u32 Value)
                              ~~~~~~~~^~~~
../src/DLU.c:223:12: warning: passing argument 1 of 'Xil_Out32' makes integer from pointer without a cast [-Wint-conversion]
  Xil_Out32((volatile u32 *) 0x40000124, (u32) 0x00000000);//User App Fields
            ^~~~~~~~~~~~~~~~~~~~~~~~~~~
In file included from ../src/DLU.c:55:
../../DLU_4_bsp/ps7_cortexa9_0/include/xil_io.h:219:38: note: expected 'UINTPTR' {aka 'unsigned int'} but argument is of type 'volatile u32 *' {aka 'volatile long unsigned int *'}
 static INLINE void Xil_Out32(UINTPTR Addr, u32 Value)
                              ~~~~~~~~^~~~
../src/DLU.c:224:12: warning: passing argument 1 of 'Xil_Out32' makes integer from pointer without a cast [-Wint-conversion]
  Xil_Out32((volatile u32 *) 0x40000128, (u32) 0x00000000);//User App Fields
            ^~~~~~~~~~~~~~~~~~~~~~~~~~~
In file included from ../src/DLU.c:55:
../../DLU_4_bsp/ps7_cortexa9_0/include/xil_io.h:219:38: note: expected 'UINTPTR' {aka 'unsigned int'} but argument is of type 'volatile u32 *' {aka 'volatile long unsigned int *'}
 static INLINE void Xil_Out32(UINTPTR Addr, u32 Value)
                              ~~~~~~~~^~~~
../src/DLU.c:225:12: warning: passing argument 1 of 'Xil_Out32' makes integer from pointer without a cast [-Wint-conversion]
  Xil_Out32((volatile u32 *) 0x4000012c, (u32) 0x00000000);//User App Fields
            ^~~~~~~~~~~~~~~~~~~~~~~~~~~
In file included from ../src/DLU.c:55:
../../DLU_4_bsp/ps7_cortexa9_0/include/xil_io.h:219:38: note: expected 'UINTPTR' {aka 'unsigned int'} but argument is of type 'volatile u32 *' {aka 'volatile long unsigned int *'}
 static INLINE void Xil_Out32(UINTPTR Addr, u32 Value)
                              ~~~~~~~~^~~~
../src/DLU.c:226:12: warning: passing argument 1 of 'Xil_Out32' makes integer from pointer without a cast [-Wint-conversion]
  Xil_Out32((volatile u32 *) 0x40000130, (u32) 0x00000000);//User App Fields
            ^~~~~~~~~~~~~~~~~~~~~~~~~~~
In file included from ../src/DLU.c:55:
../../DLU_4_bsp/ps7_cortexa9_0/include/xil_io.h:219:38: note: expected 'UINTPTR' {aka 'unsigned int'} but argument is of type 'volatile u32 *' {aka 'volatile long unsigned int *'}
 static INLINE void Xil_Out32(UINTPTR Addr, u32 Value)
                              ~~~~~~~~^~~~
../src/DLU.c:228:12: warning: passing argument 1 of 'Xil_Out32' makes integer from pointer without a cast [-Wint-conversion]
  Xil_Out32((volatile u32 *) 0x40001000, (u32) 0x40001000);
            ^~~~~~~~~~~~~~~~~~~~~~~~~~~
In file included from ../src/DLU.c:55:
../../DLU_4_bsp/ps7_cortexa9_0/include/xil_io.h:219:38: note: expected 'UINTPTR' {aka 'unsigned int'} but argument is of type 'volatile u32 *' {aka 'volatile long unsigned int *'}
 static INLINE void Xil_Out32(UINTPTR Addr, u32 Value)
                              ~~~~~~~~^~~~
../src/DLU.c:229:12: warning: passing argument 1 of 'Xil_Out32' makes integer from pointer without a cast [-Wint-conversion]
  Xil_Out32((volatile u32 *) 0x40001004, (u32) 0x00000000);
            ^~~~~~~~~~~~~~~~~~~~~~~~~~~
In file included from ../src/DLU.c:55:
../../DLU_4_bsp/ps7_cortexa9_0/include/xil_io.h:219:38: note: expected 'UINTPTR' {aka 'unsigned int'} but argument is of type 'volatile u32 *' {aka 'volatile long unsigned int *'}
 static INLINE void Xil_Out32(UINTPTR Addr, u32 Value)
                              ~~~~~~~~^~~~
../src/DLU.c:230:12: warning: passing argument 1 of 'Xil_Out32' makes integer from pointer without a cast [-Wint-conversion]
  Xil_Out32((volatile u32 *) 0x40001008, (u32) 0x00b00000);
            ^~~~~~~~~~~~~~~~~~~~~~~~~~~
In file included from ../src/DLU.c:55:
../../DLU_4_bsp/ps7_cortexa9_0/include/xil_io.h:219:38: note: expected 'UINTPTR' {aka 'unsigned int'} but argument is of type 'volatile u32 *' {aka 'volatile long unsigned int *'}
 static INLINE void Xil_Out32(UINTPTR Addr, u32 Value)
                              ~~~~~~~~^~~~
../src/DLU.c:231:12: warning: passing argument 1 of 'Xil_Out32' makes integer from pointer without a cast [-Wint-conversion]
  Xil_Out32((volatile u32 *) 0x4000100c, (u32) 0x00000000);
            ^~~~~~~~~~~~~~~~~~~~~~~~~~~
In file included from ../src/DLU.c:55:
../../DLU_4_bsp/ps7_cortexa9_0/include/xil_io.h:219:38: note: expected 'UINTPTR' {aka 'unsigned int'} but argument is of type 'volatile u32 *' {aka 'volatile long unsigned int *'}
 static INLINE void Xil_Out32(UINTPTR Addr, u32 Value)
                              ~~~~~~~~^~~~
../src/DLU.c:232:12: warning: passing argument 1 of 'Xil_Out32' makes integer from pointer without a cast [-Wint-conversion]
  Xil_Out32((volatile u32 *) 0x40001010, (u32) 0x00000000);
            ^~~~~~~~~~~~~~~~~~~~~~~~~~~
In file included from ../src/DLU.c:55:
../../DLU_4_bsp/ps7_cortexa9_0/include/xil_io.h:219:38: note: expected 'UINTPTR' {aka 'unsigned int'} but argument is of type 'volatile u32 *' {aka 'volatile long unsigned int *'}
 static INLINE void Xil_Out32(UINTPTR Addr, u32 Value)
                              ~~~~~~~~^~~~
../src/DLU.c:233:12: warning: passing argument 1 of 'Xil_Out32' makes integer from pointer without a cast [-Wint-conversion]
  Xil_Out32((volatile u32 *) 0x40001014, (u32) 0x00000000);
            ^~~~~~~~~~~~~~~~~~~~~~~~~~~
In file included from ../src/DLU.c:55:
../../DLU_4_bsp/ps7_cortexa9_0/include/xil_io.h:219:38: note: expected 'UINTPTR' {aka 'unsigned int'} but argument is of type 'volatile u32 *' {aka 'volatile long unsigned int *'}
 static INLINE void Xil_Out32(UINTPTR Addr, u32 Value)
                              ~~~~~~~~^~~~
../src/DLU.c:234:12: warning: passing argument 1 of 'Xil_Out32' makes integer from pointer without a cast [-Wint-conversion]
  Xil_Out32((volatile u32 *) 0x40001018, (u32) 0x0c000000+(46*46*4)+4);
            ^~~~~~~~~~~~~~~~~~~~~~~~~~~
In file included from ../src/DLU.c:55:
../../DLU_4_bsp/ps7_cortexa9_0/include/xil_io.h:219:38: note: expected 'UINTPTR' {aka 'unsigned int'} but argument is of type 'volatile u32 *' {aka 'volatile long unsigned int *'}
 static INLINE void Xil_Out32(UINTPTR Addr, u32 Value)
                              ~~~~~~~~^~~~
../src/DLU.c:235:12: warning: passing argument 1 of 'Xil_Out32' makes integer from pointer without a cast [-Wint-conversion]
  Xil_Out32((volatile u32 *) 0x4000101c, (u32) 0x00000000);
            ^~~~~~~~~~~~~~~~~~~~~~~~~~~
In file included from ../src/DLU.c:55:
../../DLU_4_bsp/ps7_cortexa9_0/include/xil_io.h:219:38: note: expected 'UINTPTR' {aka 'unsigned int'} but argument is of type 'volatile u32 *' {aka 'volatile long unsigned int *'}
 static INLINE void Xil_Out32(UINTPTR Addr, u32 Value)
                              ~~~~~~~~^~~~
../src/DLU.c:236:12: warning: passing argument 1 of 'Xil_Out32' makes integer from pointer without a cast [-Wint-conversion]
  Xil_Out32((volatile u32 *) 0x40001020, (u32) 0x00000000);
            ^~~~~~~~~~~~~~~~~~~~~~~~~~~
In file included from ../src/DLU.c:55:
../../DLU_4_bsp/ps7_cortexa9_0/include/xil_io.h:219:38: note: expected 'UINTPTR' {aka 'unsigned int'} but argument is of type 'volatile u32 *' {aka 'volatile long unsigned int *'}
 static INLINE void Xil_Out32(UINTPTR Addr, u32 Value)
                              ~~~~~~~~^~~~
../src/DLU.c:237:12: warning: passing argument 1 of 'Xil_Out32' makes integer from pointer without a cast [-Wint-conversion]
  Xil_Out32((volatile u32 *) 0x40001024, (u32) 0x00000000);
            ^~~~~~~~~~~~~~~~~~~~~~~~~~~
In file included from ../src/DLU.c:55:
../../DLU_4_bsp/ps7_cortexa9_0/include/xil_io.h:219:38: note: expected 'UINTPTR' {aka 'unsigned int'} but argument is of type 'volatile u32 *' {aka 'volatile long unsigned int *'}
 static INLINE void Xil_Out32(UINTPTR Addr, u32 Value)
                              ~~~~~~~~^~~~
../src/DLU.c:238:12: warning: passing argument 1 of 'Xil_Out32' makes integer from pointer without a cast [-Wint-conversion]
  Xil_Out32((volatile u32 *) 0x40001028, (u32) 0x00000000);
            ^~~~~~~~~~~~~~~~~~~~~~~~~~~
In file included from ../src/DLU.c:55:
../../DLU_4_bsp/ps7_cortexa9_0/include/xil_io.h:219:38: note: expected 'UINTPTR' {aka 'unsigned int'} but argument is of type 'volatile u32 *' {aka 'volatile long unsigned int *'}
 static INLINE void Xil_Out32(UINTPTR Addr, u32 Value)
                              ~~~~~~~~^~~~
../src/DLU.c:239:12: warning: passing argument 1 of 'Xil_Out32' makes integer from pointer without a cast [-Wint-conversion]
  Xil_Out32((volatile u32 *) 0x4000102c, (u32) 0x00000000);
            ^~~~~~~~~~~~~~~~~~~~~~~~~~~
In file included from ../src/DLU.c:55:
../../DLU_4_bsp/ps7_cortexa9_0/include/xil_io.h:219:38: note: expected 'UINTPTR' {aka 'unsigned int'} but argument is of type 'volatile u32 *' {aka 'volatile long unsigned int *'}
 static INLINE void Xil_Out32(UINTPTR Addr, u32 Value)
                              ~~~~~~~~^~~~
../src/DLU.c:240:12: warning: passing argument 1 of 'Xil_Out32' makes integer from pointer without a cast [-Wint-conversion]
  Xil_Out32((volatile u32 *) 0x40001030, (u32) 0x00000000);
            ^~~~~~~~~~~~~~~~~~~~~~~~~~~
In file included from ../src/DLU.c:55:
../../DLU_4_bsp/ps7_cortexa9_0/include/xil_io.h:219:38: note: expected 'UINTPTR' {aka 'unsigned int'} but argument is of type 'volatile u32 *' {aka 'volatile long unsigned int *'}
 static INLINE void Xil_Out32(UINTPTR Addr, u32 Value)
                              ~~~~~~~~^~~~
../src/DLU.c: In function 'initDRAM':
../src/DLU.c:280:12: warning: passing argument 1 of 'Xil_Out32' makes integer from pointer without a cast [-Wint-conversion]
  Xil_Out32((volatile u32 *) (addr), (u32) inst[0]);addr+=4;
            ^~~~~~~~~~~~~~~~~~~~~~~
In file included from ../src/DLU.c:55:
../../DLU_4_bsp/ps7_cortexa9_0/include/xil_io.h:219:38: note: expected 'UINTPTR' {aka 'unsigned int'} but argument is of type 'volatile u32 *' {aka 'volatile long unsigned int *'}
 static INLINE void Xil_Out32(UINTPTR Addr, u32 Value)
                              ~~~~~~~~^~~~
../src/DLU.c:282:12: warning: passing argument 1 of 'Xil_Out32' makes integer from pointer without a cast [-Wint-conversion]
  Xil_Out32((volatile u32 *) (addr), (u32) instD1);addr+=4;
            ^~~~~~~~~~~~~~~~~~~~~~~
In file included from ../src/DLU.c:55:
../../DLU_4_bsp/ps7_cortexa9_0/include/xil_io.h:219:38: note: expected 'UINTPTR' {aka 'unsigned int'} but argument is of type 'volatile u32 *' {aka 'volatile long unsigned int *'}
 static INLINE void Xil_Out32(UINTPTR Addr, u32 Value)
                              ~~~~~~~~^~~~
../src/DLU.c:286:13: warning: passing argument 1 of 'Xil_Out32' makes integer from pointer without a cast [-Wint-conversion]
   Xil_Out32((volatile u32 *) (addr), (u32) (im[i+3]<<24)+(im[i+2]<<16)+(im[i+1]<<8)+(im[i]));addr+=4;
             ^~~~~~~~~~~~~~~~~~~~~~~
In file included from ../src/DLU.c:55:
../../DLU_4_bsp/ps7_cortexa9_0/include/xil_io.h:219:38: note: expected 'UINTPTR' {aka 'unsigned int'} but argument is of type 'volatile u32 *' {aka 'volatile long unsigned int *'}
 static INLINE void Xil_Out32(UINTPTR Addr, u32 Value)
                              ~~~~~~~~^~~~
../src/DLU.c:301:12: warning: passing argument 1 of 'Xil_Out32' makes integer from pointer without a cast [-Wint-conversion]
  Xil_Out32((volatile u32 *) (addr), (u32) inst[1]);addr+=4;
            ^~~~~~~~~~~~~~~~~~~~~~~
In file included from ../src/DLU.c:55:
../../DLU_4_bsp/ps7_cortexa9_0/include/xil_io.h:219:38: note: expected 'UINTPTR' {aka 'unsigned int'} but argument is of type 'volatile u32 *' {aka 'volatile long unsigned int *'}
 static INLINE void Xil_Out32(UINTPTR Addr, u32 Value)
                              ~~~~~~~~^~~~
../src/DLU.c:303:12: warning: passing argument 1 of 'Xil_Out32' makes integer from pointer without a cast [-Wint-conversion]
  Xil_Out32((volatile u32 *) (addr), (u32) instD2);addr+=4;
            ^~~~~~~~~~~~~~~~~~~~~~~
In file included from ../src/DLU.c:55:
../../DLU_4_bsp/ps7_cortexa9_0/include/xil_io.h:219:38: note: expected 'UINTPTR' {aka 'unsigned int'} but argument is of type 'volatile u32 *' {aka 'volatile long unsigned int *'}
 static INLINE void Xil_Out32(UINTPTR Addr, u32 Value)
                              ~~~~~~~~^~~~
../src/DLU.c:305:13: warning: passing argument 1 of 'Xil_Out32' makes integer from pointer without a cast [-Wint-conversion]
   Xil_Out32((volatile u32 *) (addr), (u32) (filter[i+2]<<16)+(filter[i+1]<<8)+filter[i]);addr+=4;
             ^~~~~~~~~~~~~~~~~~~~~~~
In file included from ../src/DLU.c:55:
../../DLU_4_bsp/ps7_cortexa9_0/include/xil_io.h:219:38: note: expected 'UINTPTR' {aka 'unsigned int'} but argument is of type 'volatile u32 *' {aka 'volatile long unsigned int *'}
 static INLINE void Xil_Out32(UINTPTR Addr, u32 Value)
                              ~~~~~~~~^~~~
../src/DLU.c:308:13: warning: passing argument 1 of 'Xil_Out32' makes integer from pointer without a cast [-Wint-conversion]
   Xil_Out32((volatile u32 *) (addr), (u32) (filter[i+2]<<16)+(filter[i+1]<<8)+filter[i]);addr+=4;
             ^~~~~~~~~~~~~~~~~~~~~~~
In file included from ../src/DLU.c:55:
[...]
  Xil_Out32((volatile u32 *) 0x40000128, (u32) 0x00000000);//User App Fields
            ^~~~~~~~~~~~~~~~~~~~~~~~~~~
In file included from ../src/DLU.c:55:
../../DLU_4_bsp/ps7_cortexa9_0/include/xil_io.h:219:38: note: expected 'UINTPTR' {aka 'unsigned int'} but argument is of type 'volatile u32 *' {aka 'volatile long unsigned int *'}
 static INLINE void Xil_Out32(UINTPTR Addr, u32 Value)
                              ~~~~~~~~^~~~
../src/DLU.c:227:12: warning: passing argument 1 of 'Xil_Out32' makes integer from pointer without a cast [-Wint-conversion]
  Xil_Out32((volatile u32 *) 0x4000012c, (u32) 0x00000000);//User App Fields
            ^~~~~~~~~~~~~~~~~~~~~~~~~~~
In file included from ../src/DLU.c:55:
../../DLU_4_bsp/ps7_cortexa9_0/include/xil_io.h:219:38: note: expected 'UINTPTR' {aka 'unsigned int'} but argument is of type 'volatile u32 *' {aka 'volatile long unsigned int *'}
 static INLINE void Xil_Out32(UINTPTR Addr, u32 Value)
                              ~~~~~~~~^~~~
../src/DLU.c:228:12: warning: passing argument 1 of 'Xil_Out32' makes integer from pointer without a cast [-Wint-conversion]
  Xil_Out32((volatile u32 *) 0x40000130, (u32) 0x00000000);//User App Fields
            ^~~~~~~~~~~~~~~~~~~~~~~~~~~
In file included from ../src/DLU.c:55:
../../DLU_4_bsp/ps7_cortexa9_0/include/xil_io.h:219:38: note: expected 'UINTPTR' {aka 'unsigned int'} but argument is of type 'volatile u32 *' {aka 'volatile long unsigned int *'}
 static INLINE void Xil_Out32(UINTPTR Addr, u32 Value)
                              ~~~~~~~~^~~~
../src/DLU.c:230:12: warning: passing argument 1 of 'Xil_Out32' makes integer from pointer without a cast [-Wint-conversion]
  Xil_Out32((volatile u32 *) 0x40001000, (u32) 0x40001000);
            ^~~~~~~~~~~~~~~~~~~~~~~~~~~
In file included from ../src/DLU.c:55:
../../DLU_4_bsp/ps7_cortexa9_0/include/xil_io.h:219:38: note: expected 'UINTPTR' {aka 'unsigned int'} but argument is of type 'volatile u32 *' {aka 'volatile long unsigned int *'}
 static INLINE void Xil_Out32(UINTPTR Addr, u32 Value)
                              ~~~~~~~~^~~~
../src/DLU.c:231:12: warning: passing argument 1 of 'Xil_Out32' makes integer from pointer without a cast [-Wint-conversion]
  Xil_Out32((volatile u32 *) 0x40001004, (u32) 0x00000000);
            ^~~~~~~~~~~~~~~~~~~~~~~~~~~
In file included from ../src/DLU.c:55:
../../DLU_4_bsp/ps7_cortexa9_0/include/xil_io.h:219:38: note: expected 'UINTPTR' {aka 'unsigned int'} but argument is of type 'volatile u32 *' {aka 'volatile long unsigned int *'}
 static INLINE void Xil_Out32(UINTPTR Addr, u32 Value)
                              ~~~~~~~~^~~~
../src/DLU.c:232:12: warning: passing argument 1 of 'Xil_Out32' makes integer from pointer without a cast [-Wint-conversion]
  Xil_Out32((volatile u32 *) 0x40001008, (u32) 0x00b00000);
            ^~~~~~~~~~~~~~~~~~~~~~~~~~~
In file included from ../src/DLU.c:55:
../../DLU_4_bsp/ps7_cortexa9_0/include/xil_io.h:219:38: note: expected 'UINTPTR' {aka 'unsigned int'} but argument is of type 'volatile u32 *' {aka 'volatile long unsigned int *'}
 static INLINE void Xil_Out32(UINTPTR Addr, u32 Value)
                              ~~~~~~~~^~~~
../src/DLU.c:233:12: warning: passing argument 1 of 'Xil_Out32' makes integer from pointer without a cast [-Wint-conversion]
  Xil_Out32((volatile u32 *) 0x4000100c, (u32) 0x00000000);
            ^~~~~~~~~~~~~~~~~~~~~~~~~~~
In file included from ../src/DLU.c:55:
../../DLU_4_bsp/ps7_cortexa9_0/include/xil_io.h:219:38: note: expected 'UINTPTR' {aka 'unsigned int'} but argument is of type 'volatile u32 *' {aka 'volatile long unsigned int *'}
 static INLINE void Xil_Out32(UINTPTR Addr, u32 Value)
                              ~~~~~~~~^~~~
../src/DLU.c:234:12: warning: passing argument 1 of 'Xil_Out32' makes integer from pointer without a cast [-Wint-conversion]
  Xil_Out32((volatile u32 *) 0x40001010, (u32) 0x00000000);
            ^~~~~~~~~~~~~~~~~~~~~~~~~~~
In file included from ../src/DLU.c:55:
../../DLU_4_bsp/ps7_cortexa9_0/include/xil_io.h:219:38: note: expected 'UINTPTR' {aka 'unsigned int'} but argument is of type 'volatile u32 *' {aka 'volatile long unsigned int *'}
 static INLINE void Xil_Out32(UINTPTR Addr, u32 Value)
                              ~~~~~~~~^~~~
../src/DLU.c:235:12: warning: passing argument 1 of 'Xil_Out32' makes integer from pointer without a cast [-Wint-conversion]
  Xil_Out32((volatile u32 *) 0x40001014, (u32) 0x00000000);
            ^~~~~~~~~~~~~~~~~~~~~~~~~~~
In file included from ../src/DLU.c:55:
../../DLU_4_bsp/ps7_cortexa9_0/include/xil_io.h:219:38: note: expected 'UINTPTR' {aka 'unsigned int'} but argument is of type 'volatile u32 *' {aka 'volatile long unsigned int *'}
 static INLINE void Xil_Out32(UINTPTR Addr, u32 Value)
                              ~~~~~~~~^~~~
../src/DLU.c:236:12: warning: passing argument 1 of 'Xil_Out32' makes integer from pointer without a cast [-Wint-conversion]
  Xil_Out32((volatile u32 *) 0x40001018, (u32) 0x0c000000+(46*46*4)+4);
            ^~~~~~~~~~~~~~~~~~~~~~~~~~~
In file included from ../src/DLU.c:55:
../../DLU_4_bsp/ps7_cortexa9_0/include/xil_io.h:219:38: note: expected 'UINTPTR' {aka 'unsigned int'} but argument is of type 'volatile u32 *' {aka 'volatile long unsigned int *'}
 static INLINE void Xil_Out32(UINTPTR Addr, u32 Value)
                              ~~~~~~~~^~~~
../src/DLU.c:237:12: warning: passing argument 1 of 'Xil_Out32' makes integer from pointer without a cast [-Wint-conversion]
  Xil_Out32((volatile u32 *) 0x4000101c, (u32) 0x00000000);
            ^~~~~~~~~~~~~~~~~~~~~~~~~~~
In file included from ../src/DLU.c:55:
../../DLU_4_bsp/ps7_cortexa9_0/include/xil_io.h:219:38: note: expected 'UINTPTR' {aka 'unsigned int'} but argument is of type 'volatile u32 *' {aka 'volatile long unsigned int *'}
 static INLINE void Xil_Out32(UINTPTR Addr, u32 Value)
                              ~~~~~~~~^~~~
../src/DLU.c:238:12: warning: passing argument 1 of 'Xil_Out32' makes integer from pointer without a cast [-Wint-conversion]
  Xil_Out32((volatile u32 *) 0x40001020, (u32) 0x00000000);
            ^~~~~~~~~~~~~~~~~~~~~~~~~~~
In file included from ../src/DLU.c:55:
../../DLU_4_bsp/ps7_cortexa9_0/include/xil_io.h:219:38: note: expected 'UINTPTR' {aka 'unsigned int'} but argument is of type 'volatile u32 *' {aka 'volatile long unsigned int *'}
 static INLINE void Xil_Out32(UINTPTR Addr, u32 Value)
                              ~~~~~~~~^~~~
../src/DLU.c:239:12: warning: passing argument 1 of 'Xil_Out32' makes integer from pointer without a cast [-Wint-conversion]
  Xil_Out32((volatile u32 *) 0x40001024, (u32) 0x00000000);
            ^~~~~~~~~~~~~~~~~~~~~~~~~~~
In file included from ../src/DLU.c:55:
../../DLU_4_bsp/ps7_cortexa9_0/include/xil_io.h:219:38: note: expected 'UINTPTR' {aka 'unsigned int'} but argument is of type 'volatile u32 *' {aka 'volatile long unsigned int *'}
 static INLINE void Xil_Out32(UINTPTR Addr, u32 Value)
                              ~~~~~~~~^~~~
../src/DLU.c:240:12: warning: passing argument 1 of 'Xil_Out32' makes integer from pointer without a cast [-Wint-conversion]
  Xil_Out32((volatile u32 *) 0x40001028, (u32) 0x00000000);
            ^~~~~~~~~~~~~~~~~~~~~~~~~~~
In file included from ../src/DLU.c:55:
../../DLU_4_bsp/ps7_cortexa9_0/include/xil_io.h:219:38: note: expected 'UINTPTR' {aka 'unsigned int'} but argument is of type 'volatile u32 *' {aka 'volatile long unsigned int *'}
 static INLINE void Xil_Out32(UINTPTR Addr, u32 Value)
                              ~~~~~~~~^~~~
../src/DLU.c:241:12: warning: passing argument 1 of 'Xil_Out32' makes integer from pointer without a cast [-Wint-conversion]
  Xil_Out32((volatile u32 *) 0x4000102c, (u32) 0x00000000);
            ^~~~~~~~~~~~~~~~~~~~~~~~~~~
In file included from ../src/DLU.c:55:
../../DLU_4_bsp/ps7_cortexa9_0/include/xil_io.h:219:38: note: expected 'UINTPTR' {aka 'unsigned int'} but argument is of type 'volatile u32 *' {aka 'volatile long unsigned int *'}
 static INLINE void Xil_Out32(UINTPTR Addr, u32 Value)
                              ~~~~~~~~^~~~
../src/DLU.c:242:12: warning: passing argument 1 of 'Xil_Out32' makes integer from pointer without a cast [-Wint-conversion]
  Xil_Out32((volatile u32 *) 0x40001030, (u32) 0x00000000);
            ^~~~~~~~~~~~~~~~~~~~~~~~~~~
In file included from ../src/DLU.c:55:
../../DLU_4_bsp/ps7_cortexa9_0/include/xil_io.h:219:38: note: expected 'UINTPTR' {aka 'unsigned int'} but argument is of type 'volatile u32 *' {aka 'volatile long unsigned int *'}
 static INLINE void Xil_Out32(UINTPTR Addr, u32 Value)
                              ~~~~~~~~^~~~
../src/DLU.c: In function 'initDRAM':
../src/DLU.c:283:12: warning: passing argument 1 of 'Xil_Out32' makes integer from pointer without a cast [-Wint-conversion]
  Xil_Out32((volatile u32 *) (addr), (u32) inst[0]);addr+=4;
            ^~~~~~~~~~~~~~~~~~~~~~~
In file included from ../src/DLU.c:55:
../../DLU_4_bsp/ps7_cortexa9_0/include/xil_io.h:219:38: note: expected 'UINTPTR' {aka 'unsigned int'} but argument is of type 'volatile u32 *' {aka 'volatile long unsigned int *'}
 static INLINE void Xil_Out32(UINTPTR Addr, u32 Value)
                              ~~~~~~~~^~~~
../src/DLU.c:285:12: warning: passing argument 1 of 'Xil_Out32' makes integer from pointer without a cast [-Wint-conversion]
  Xil_Out32((volatile u32 *) (addr), (u32) instD1);addr+=4;
            ^~~~~~~~~~~~~~~~~~~~~~~
In file included from ../src/DLU.c:55:
../../DLU_4_bsp/ps7_cortexa9_0/include/xil_io.h:219:38: note: expected 'UINTPTR' {aka 'unsigned int'} but argument is of type 'volatile u32 *' {aka 'volatile long unsigned int *'}
 static INLINE void Xil_Out32(UINTPTR Addr, u32 Value)
                              ~~~~~~~~^~~~
../src/DLU.c:289:13: warning: passing argument 1 of 'Xil_Out32' makes integer from pointer without a cast [-Wint-conversion]
   Xil_Out32((volatile u32 *) (addr), (u32) (im[i+3]<<24)+(im[i+2]<<16)+(im[i+1]<<8)+(im[i]));addr+=4;
             ^~~~~~~~~~~~~~~~~~~~~~~
In file included from ../src/DLU.c:55:
../../DLU_4_bsp/ps7_cortexa9_0/include/xil_io.h:219:38: note: expected 'UINTPTR' {aka 'unsigned int'} but argument is of type 'volatile u32 *' {aka 'volatile long unsigned int *'}
 static INLINE void Xil_Out32(UINTPTR Addr, u32 Value)
                              ~~~~~~~~^~~~
../src/DLU.c:304:12: warning: passing argument 1 of 'Xil_Out32' makes integer from pointer without a cast [-Wint-conversion]
  Xil_Out32((volatile u32 *) (addr), (u32) inst[1]);addr+=4;
            ^~~~~~~~~~~~~~~~~~~~~~~
In file included from ../src/DLU.c:55:
../../DLU_4_bsp/ps7_cortexa9_0/include/xil_io.h:219:38: note: expected 'UINTPTR' {aka 'unsigned int'} but argument is of type 'volatile u32 *' {aka 'volatile long unsigned int *'}
 static INLINE void Xil_Out32(UINTPTR Addr, u32 Value)
                              ~~~~~~~~^~~~
../src/DLU.c:306:12: warning: passing argument 1 of 'Xil_Out32' makes integer from pointer without a cast [-Wint-conversion]
  Xil_Out32((volatile u32 *) (addr), (u32) instD2);addr+=4;
            ^~~~~~~~~~~~~~~~~~~~~~~
In file included from ../src/DLU.c:55:
../../DLU_4_bsp/ps7_cortexa9_0/include/xil_io.h:219:38: note: expected 'UINTPTR' {aka 'unsigned int'} but argument is of type 'volatile u32 *' {aka 'volatile long unsigned int *'}
 static INLINE void Xil_Out32(UINTPTR Addr, u32 Value)
                              ~~~~~~~~^~~~
../src/DLU.c:308:13: warning: passing argument 1 of 'Xil_Out32' makes integer from pointer without a cast [-Wint-conversion]
   Xil_Out32((volatile u32 *) (addr), (u32) (filter[i+2]<<16)+(filter[i+1]<<8)+filter[i]);addr+=4;
             ^~~~~~~~~~~~~~~~~~~~~~~
In file included from ../src/DLU.c:55:
../../DLU_4_bsp/ps7_cortexa9_0/include/xil_io.h:219:38: note: expected 'UINTPTR' {aka 'unsigned int'} but argument is of type 'volatile u32 *' {aka 'volatile long unsigned int *'}
 static INLINE void Xil_Out32(UINTPTR Addr, u32 Value)
                              ~~~~~~~~^~~~
../src/DLU.c:311:13: warning: passing argument 1 of 'Xil_Out32' makes integer from pointer without a cast [-Wint-conversion]
   Xil_Out32((volatile u32 *) (addr), (u32) (filter[i+2]<<16)+(filter[i+1]<<8)+filter[i]);addr+=4;
             ^~~~~~~~~~~~~~~~~~~~~~~
In file included from ../src/DLU.c:55:
../../DLU_4_bsp/ps7_cortexa9_0/include/xil_io.h:219:38: note: expected 'UINTPTR' {aka 'unsigned int'} but argument is of type 'volatile u32 *' {aka 'volatile long unsigned int *'}
 static INLINE void Xil_Out32(UINTPTR Addr, u32 Value)
                              ~~~~~~~~^~~~
../src/DLU.c:318:13: warning: passing argument 1 of 'Xil_Out32' makes integer from pointer without a cast [-Wint-conversion]
   Xil_Out32((volatile u32 *) (0x00b00000+(i*4)), (u32) 0xbbbbbbbb);
             ^~~~~~~~~~~~~~~~~~~~~~~~~~~~~~~~~~~
In file included from ../src/DLU.c:55:
../../DLU_4_bsp/ps7_cortexa9_0/include/xil_io.h:219:38: note: expected 'UINTPTR' {aka 'unsigned int'} but argument is of type 'volatile u32 *' {aka 'volatile long unsigned int *'}
 static INLINE void Xil_Out32(UINTPTR Addr, u32 Value)
                              ~~~~~~~~^~~~
../src/DLU.c: In function 'startS2MM':
../src/DLU.c:341:12: warning: passing argument 1 of 'Xil_Out32' makes integer from pointer without a cast [-Wint-conversion]
  Xil_Out32((volatile u32 *) 0x4040003c, (u32) 0x00000000);
            ^~~~~~~~~~~~~~~~~~~~~~~~~~~
In file included from ../src/DLU.c:55:
../../DLU_4_bsp/ps7_cortexa9_0/include/xil_io.h:219:38: note: expected 'UINTPTR' {aka 'unsigned int'} but argument is of type 'volatile u32 *' {aka 'volatile long unsigned int *'}
 static INLINE void Xil_Out32(UINTPTR Addr, u32 Value)
                              ~~~~~~~~^~~~
../src/DLU.c:342:12: warning: passing argument 1 of 'Xil_Out32' makes integer from pointer without a cast [-Wint-conversion]
  Xil_Out32((volatile u32 *) 0x40400038, (u32) descAddr);//Descriptor address
            ^~~~~~~~~~~~~~~~~~~~~~~~~~~
In file included from ../src/DLU.c:55:
../../DLU_4_bsp/ps7_cortexa9_0/include/xil_io.h:219:38: note: expected 'UINTPTR' {aka 'unsigned int'} but argument is of type 'volatile u32 *' {aka 'volatile long unsigned int *'}
 static INLINE void Xil_Out32(UINTPTR Addr, u32 Value)
                              ~~~~~~~~^~~~
../src/DLU.c:344:12: warning: passing argument 1 of 'Xil_Out32' makes integer from pointer without a cast [-Wint-conversion]
  Xil_Out32((volatile u32 *) 0x40400030, (u32) 0x0101dfe3);
            ^~~~~~~~~~~~~~~~~~~~~~~~~~~
In file included from ../src/DLU.c:55:
../../DLU_4_bsp/ps7_cortexa9_0/include/xil_io.h:219:38: note: expected 'UINTPTR' {aka 'unsigned int'} but argument is of type 'volatile u32 *' {aka 'volatile long unsigned int *'}
 static INLINE void Xil_Out32(UINTPTR Addr, u32 Value)
                              ~~~~~~~~^~~~
../src/DLU.c:346:12: warning: passing argument 1 of 'Xil_Out32' makes integer from pointer without a cast [-Wint-conversion]
  Xil_Out32((volatile u32 *) 0x40400044, (u32) 0x00000000);
            ^~~~~~~~~~~~~~~~~~~~~~~~~~~
In file included from ../src/DLU.c:55:
../../DLU_4_bsp/ps7_cortexa9_0/include/xil_io.h:219:38: note: expected 'UINTPTR' {aka 'unsigned int'} but argument is of type 'volatile u32 *' {aka 'volatile long unsigned int *'}
 static INLINE void Xil_Out32(UINTPTR Addr, u32 Value)
                              ~~~~~~~~^~~~
../src/DLU.c:347:12: warning: passing argument 1 of 'Xil_Out32' makes integer from pointer without a cast [-Wint-conversion]
  Xil_Out32((volatile u32 *) 0x40400040, (u32) descAddr);
            ^~~~~~~~~~~~~~~~~~~~~~~~~~~
In file included from ../src/DLU.c:55:
../../DLU_4_bsp/ps7_cortexa9_0/include/xil_io.h:219:38: note: expected 'UINTPTR' {aka 'unsigned int'} but argument is of type 'volatile u32 *' {aka 'volatile long unsigned int *'}
 static INLINE void Xil_Out32(UINTPTR Addr, u32 Value)
                              ~~~~~~~~^~~~
../src/DLU.c: In function 'startMM2S':
../src/DLU.c:369:12: warning: passing argument 1 of 'Xil_Out32' makes integer from pointer without a cast [-Wint-conversion]
  Xil_Out32((volatile u32 *) 0x4040000c, (u32) 0x00000000);
            ^~~~~~~~~~~~~~~~~~~~~~~~~~~
In file included from ../src/DLU.c:55:
../../DLU_4_bsp/ps7_cortexa9_0/include/xil_io.h:219:38: note: expected 'UINTPTR' {aka 'unsigned int'} but argument is of type 'volatile u32 *' {aka 'volatile long unsigned int *'}
 static INLINE void Xil_Out32(UINTPTR Addr, u32 Value)
                              ~~~~~~~~^~~~
../src/DLU.c:370:12: warning: passing argument 1 of 'Xil_Out32' makes integer from pointer without a cast [-Wint-conversion]
  Xil_Out32((volatile u32 *) 0x40400008, (u32) descAddr);//Descriptor address
            ^~~~~~~~~~~~~~~~~~~~~~~~~~~
In file included from ../src/DLU.c:55:
../../DLU_4_bsp/ps7_cortexa9_0/include/xil_io.h:219:38: note: expected 'UINTPTR' {aka 'unsigned int'} but argument is of type 'volatile u32 *' {aka 'volatile long unsigned int *'}
 static INLINE void Xil_Out32(UINTPTR Addr, u32 Value)
                              ~~~~~~~~^~~~
../src/DLU.c:372:12: warning: passing argument 1 of 'Xil_Out32' makes integer from pointer without a cast [-Wint-conversion]
  Xil_Out32((volatile u32 *) 0x40400000, (u32) 0x0101dfe3);
            ^~~~~~~~~~~~~~~~~~~~~~~~~~~
In file included from ../src/DLU.c:55:
../../DLU_4_bsp/ps7_cortexa9_0/include/xil_io.h:219:38: note: expected 'UINTPTR' {aka 'unsigned int'} but argument is of type 'volatile u32 *' {aka 'volatile long unsigned int *'}
 static INLINE void Xil_Out32(UINTPTR Addr, u32 Value)
                              ~~~~~~~~^~~~
../src/DLU.c:374:12: warning: passing argument 1 of 'Xil_Out32' makes integer from pointer without a cast [-Wint-conversion]
  Xil_Out32((volatile u32 *) 0x40400014, (u32) 0x00000000);
            ^~~~~~~~~~~~~~~~~~~~~~~~~~~
In file included from ../src/DLU.c:55:
../../DLU_4_bsp/ps7_cortexa9_0/include/xil_io.h:219:38: note: expected 'UINTPTR' {aka 'unsigned int'} but argument is of type 'volatile u32 *' {aka 'volatile long unsigned int *'}
 static INLINE void Xil_Out32(UINTPTR Addr, u32 Value)
                              ~~~~~~~~^~~~
../src/DLU.c:375:12: warning: passing argument 1 of 'Xil_Out32' makes integer from pointer without a cast [-Wint-conversion]
  Xil_Out32((volatile u32 *) 0x40400010, (u32) descAddr);
            ^~~~~~~~~~~~~~~~~~~~~~~~~~~
In file included from ../src/DLU.c:55:
../../DLU_4_bsp/ps7_cortexa9_0/include/xil_io.h:219:38: note: expected 'UINTPTR' {aka 'unsigned int'} but argument is of type 'volatile u32 *' {aka 'volatile long unsigned int *'}
 static INLINE void Xil_Out32(UINTPTR Addr, u32 Value)
                              ~~~~~~~~^~~~
../src/DLU.c: In function 'main':
../src/DLU.c:410:5: warning: implicit declaration of function 'Xil_DCacheFlush' [-Wimplicit-function-declaration]
     Xil_DCacheFlush();
     ^~~~~~~~~~~~~~~
'Finished building: ../src/DLU.c'
' '
'Building target: DLU_4.elf'
'Invoking: ARM v7 gcc linker'
arm-none-eabi-gcc -mcpu=cortex-a9 -mfpu=vfpv3 -mfloat-abi=hard -Wl,-build-id=none -specs=Xilinx.spec -Wl,-T -Wl,../src/lscript.ld -L../../DLU_4_bsp/ps7_cortexa9_0/lib -o "DLU_4.elf"  ./src/DLU.o ./src/platform.o   -Wl,--start-group,-lxil,-lgcc,-lc,--end-group
'Finished building target: DLU_4.elf'
' '
'Invoking: ARM v7 Print Size'
arm-none-eabi-size DLU_4.elf  |tee "DLU_4.elf.size"
   text	   data	    bss	    dec	    hex	filename
  49796	   5672	  23368	  78836	  133f4	DLU_4.elf
'Finished building: DLU_4.elf.size'
' '
20:05:08 **** Incremental Build of configuration Debug for project DLU_4 ****
make pre-build main-build 
a9-linaro-pre-build-step
' '
make: Nothing to be done for 'main-build'.
20:05:35 **** Incremental Build of configuration Debug for project DLU_4 ****
make pre-build main-build 
a9-linaro-pre-build-step
' '
make: Nothing to be done for 'main-build'.
21:41:19 **** Incremental Build of configuration Debug for project DLU_4 ****
make pre-build main-build 
a9-linaro-pre-build-step
' '
make: Nothing to be done for 'main-build'.
